Archive member included to satisfy reference by file (symbol)

C:/Users/User/.pico-sdk/toolchain/13_2_Rel1/bin/../lib/gcc/arm-none-eabi/13.2.1/thumb/v6-m/nofp\libgcc.a(_dvmd_tls.o)
                              CMakeFiles/sistemadejogosprojeto.dir/C_/Users/User/.pico-sdk/sdk/2.0.0/src/rp2_common/pico_divider/divider_hardware.S.obj (__aeabi_idiv0)
C:/Users/User/.pico-sdk/toolchain/13_2_Rel1/bin/../lib/gcc/arm-none-eabi/13.2.1/thumb/v6-m/nofp\libg.a(libc_a-atoi.o)
                              CMakeFiles/sistemadejogosprojeto.dir/C_/Users/User/.pico-sdk/sdk/2.0.0/lib/lwip/src/core/netif.c.obj (atoi)
C:/Users/User/.pico-sdk/toolchain/13_2_Rel1/bin/../lib/gcc/arm-none-eabi/13.2.1/thumb/v6-m/nofp\libg.a(libc_a-calloc.o)
                              CMakeFiles/sistemadejogosprojeto.dir/C_/Users/User/.pico-sdk/sdk/2.0.0/src/rp2_common/pico_malloc/malloc.c.obj (calloc)
C:/Users/User/.pico-sdk/toolchain/13_2_Rel1/bin/../lib/gcc/arm-none-eabi/13.2.1/thumb/v6-m/nofp\libg.a(libc_a-callocr.o)
                              C:/Users/User/.pico-sdk/toolchain/13_2_Rel1/bin/../lib/gcc/arm-none-eabi/13.2.1/thumb/v6-m/nofp\libg.a(libc_a-calloc.o) (_calloc_r)
C:/Users/User/.pico-sdk/toolchain/13_2_Rel1/bin/../lib/gcc/arm-none-eabi/13.2.1/thumb/v6-m/nofp\libg.a(libc_a-malloc.o)
                              CMakeFiles/sistemadejogosprojeto.dir/C_/Users/User/.pico-sdk/sdk/2.0.0/src/rp2_common/pico_malloc/malloc.c.obj (malloc)
C:/Users/User/.pico-sdk/toolchain/13_2_Rel1/bin/../lib/gcc/arm-none-eabi/13.2.1/thumb/v6-m/nofp\libg.a(libc_a-mallocr.o)
                              C:/Users/User/.pico-sdk/toolchain/13_2_Rel1/bin/../lib/gcc/arm-none-eabi/13.2.1/thumb/v6-m/nofp\libg.a(libc_a-callocr.o) (_malloc_r)
C:/Users/User/.pico-sdk/toolchain/13_2_Rel1/bin/../lib/gcc/arm-none-eabi/13.2.1/thumb/v6-m/nofp\libg.a(libc_a-mlock.o)
                              C:/Users/User/.pico-sdk/toolchain/13_2_Rel1/bin/../lib/gcc/arm-none-eabi/13.2.1/thumb/v6-m/nofp\libg.a(libc_a-mallocr.o) (__malloc_lock)
C:/Users/User/.pico-sdk/toolchain/13_2_Rel1/bin/../lib/gcc/arm-none-eabi/13.2.1/thumb/v6-m/nofp\libg.a(libc_a-rand.o)
                              CMakeFiles/sistemadejogosprojeto.dir/main.c.obj (srand)
C:/Users/User/.pico-sdk/toolchain/13_2_Rel1/bin/../lib/gcc/arm-none-eabi/13.2.1/thumb/v6-m/nofp\libg.a(libc_a-realloc.o)
                              CMakeFiles/sistemadejogosprojeto.dir/C_/Users/User/.pico-sdk/sdk/2.0.0/src/rp2_common/pico_malloc/malloc.c.obj (realloc)
C:/Users/User/.pico-sdk/toolchain/13_2_Rel1/bin/../lib/gcc/arm-none-eabi/13.2.1/thumb/v6-m/nofp\libg.a(libc_a-reallocr.o)
                              C:/Users/User/.pico-sdk/toolchain/13_2_Rel1/bin/../lib/gcc/arm-none-eabi/13.2.1/thumb/v6-m/nofp\libg.a(libc_a-realloc.o) (_realloc_r)
C:/Users/User/.pico-sdk/toolchain/13_2_Rel1/bin/../lib/gcc/arm-none-eabi/13.2.1/thumb/v6-m/nofp\libg.a(libc_a-strtol.o)
                              C:/Users/User/.pico-sdk/toolchain/13_2_Rel1/bin/../lib/gcc/arm-none-eabi/13.2.1/thumb/v6-m/nofp\libg.a(libc_a-atoi.o) (_strtol_r)
C:/Users/User/.pico-sdk/toolchain/13_2_Rel1/bin/../lib/gcc/arm-none-eabi/13.2.1/thumb/v6-m/nofp\libg.a(libc_a-ctype_.o)
                              CMakeFiles/sistemadejogosprojeto.dir/oled.c.obj (_ctype_)
C:/Users/User/.pico-sdk/toolchain/13_2_Rel1/bin/../lib/gcc/arm-none-eabi/13.2.1/thumb/v6-m/nofp\libg.a(libc_a-memcmp.o)
                              CMakeFiles/sistemadejogosprojeto.dir/C_/Users/User/.pico-sdk/sdk/2.0.0/src/rp2_common/pico_atomic/atomic.c.obj (memcmp)
C:/Users/User/.pico-sdk/toolchain/13_2_Rel1/bin/../lib/gcc/arm-none-eabi/13.2.1/thumb/v6-m/nofp\libg.a(libc_a-memmove.o)
                              CMakeFiles/sistemadejogosprojeto.dir/snake.c.obj (memmove)
C:/Users/User/.pico-sdk/toolchain/13_2_Rel1/bin/../lib/gcc/arm-none-eabi/13.2.1/thumb/v6-m/nofp\libg.a(libc_a-strncmp.o)
                              CMakeFiles/sistemadejogosprojeto.dir/C_/Users/User/.pico-sdk/sdk/2.0.0/lib/lwip/src/core/def.c.obj (strncmp)
C:/Users/User/.pico-sdk/toolchain/13_2_Rel1/bin/../lib/gcc/arm-none-eabi/13.2.1/thumb/v6-m/nofp\libg.a(libc_a-strstr.o)
                              CMakeFiles/sistemadejogosprojeto.dir/web.c.obj (strstr)
C:/Users/User/.pico-sdk/toolchain/13_2_Rel1/bin/../lib/gcc/arm-none-eabi/13.2.1/thumb/v6-m/nofp\libg.a(libc_a-lcltime_r.o)
                              CMakeFiles/sistemadejogosprojeto.dir/C_/Users/User/.pico-sdk/sdk/2.0.0/src/common/pico_util/datetime.c.obj (localtime_r)
C:/Users/User/.pico-sdk/toolchain/13_2_Rel1/bin/../lib/gcc/arm-none-eabi/13.2.1/thumb/v6-m/nofp\libg.a(libc_a-mktime.o)
                              CMakeFiles/sistemadejogosprojeto.dir/C_/Users/User/.pico-sdk/sdk/2.0.0/src/common/pico_util/datetime.c.obj (mktime)
C:/Users/User/.pico-sdk/toolchain/13_2_Rel1/bin/../lib/gcc/arm-none-eabi/13.2.1/thumb/v6-m/nofp\libg.a(libc_a-month_lengths.o)
[...]
Memory Configuration

Name             Origin             Length             Attributes
FLASH            0x10000000         0x00200000         xr
RAM              0x20000000         0x00040000         xrw
SCRATCH_X        0x20040000         0x00001000         xrw
SCRATCH_Y        0x20041000         0x00001000         xrw
*default*        0x00000000         0xffffffff

Linker script and memory map

LOAD C:/Users/User/.pico-sdk/toolchain/13_2_Rel1/bin/../lib/gcc/arm-none-eabi/13.2.1/thumb/v6-m/nofp/crti.o
LOAD C:/Users/User/.pico-sdk/toolchain/13_2_Rel1/bin/../lib/gcc/arm-none-eabi/13.2.1/thumb/v6-m/nofp/crtbegin.o
LOAD C:/Users/User/.pico-sdk/toolchain/13_2_Rel1/bin/../lib/gcc/arm-none-eabi/13.2.1/thumb/v6-m/nofp/crt0.o

.flash_begin    0x10000000        0x0
                0x10000000                        __flash_binary_start = .

.boot2          0x10000000      0x100
                0x10000000                        __boot2_start__ = .
 *(.boot2)
 .boot2         0x10000000      0x100 C:\Users\User\AppData\Local\Temp\ccBSdnkv.o
                0x10000100                        __boot2_end__ = .
                0x00000001                        ASSERT (((__boot2_end__ - __boot2_start__) == 0x100), ERROR: Pico second stage bootloader must be 256 bytes in size)

.text           0x10000100    0x1938c
                0x10000100                        __logical_binary_start = .
 *(.vectors)
 .vectors       0x10000100       0xd4 CMakeFiles/sistemadejogosprojeto.dir/C_/Users/User/.pico-sdk/sdk/2.0.0/src/rp2_common/pico_crt0/crt0.S.obj
                0x10000100                __VECTOR_TABLE
                0x10000100                __vectors
                0x100001c0                isr_invalid
                0x100001c0                __default_isrs_start
                0x100001c2                isr_nmi
                0x100001c4                isr_hardfault
                0x100001c6                isr_svcall
                0x100001c8                isr_pendsv
                0x100001ca                isr_systick
                0x100001cc                isr_irq23
                0x100001cc                isr_irq18
                0x100001cc                isr_irq11
                0x100001cc                isr_irq28
                0x100001cc                isr_irq19
                0x100001cc                isr_irq0
                0x100001cc                isr_irq6
                0x100001cc                isr_irq5
                0x100001cc                isr_irq12
                0x100001cc                isr_irq22
                0x100001cc                isr_irq31
                0x100001cc                isr_irq17
                0x100001cc                isr_irq27
                0x100001cc                isr_irq30
                0x100001cc                isr_irq2
                0x100001cc                isr_irq10
                0x100001cc                isr_irq8
                0x100001cc                isr_irq24
                0x100001cc                isr_irq1
                0x100001cc                isr_irq7
                0x100001cc                isr_irq21
                0x100001cc                isr_irq20
                0x100001cc                isr_irq15
                0x100001cc                isr_irq25
                0x100001cc                isr_irq13
                0x100001cc                __unhandled_user_irq
                0x100001cc                isr_irq4
                0x100001cc                isr_irq16
                0x100001cc                isr_irq29
                0x100001cc                isr_irq26
                0x100001cc                __default_isrs_end
                0x100001cc                isr_irq3
                0x100001cc                isr_irq14
                0x100001cc                isr_irq9
                0x100001d2                unhandled_user_irq_num_in_r0
 *(.binary_info_header)
 .binary_info_header
                0x100001d4       0x14 CMakeFiles/sistemadejogosprojeto.dir/C_/Users/User/.pico-sdk/sdk/2.0.0/src/rp2_common/pico_crt0/crt0.S.obj
                0x100001e8                        __binary_info_header_end = .
 *(.embedded_block)
                0x100001e8                        __embedded_block_end = .
 *(.reset)
 .reset         0x100001e8       0x9c CMakeFiles/sistemadejogosprojeto.dir/C_/Users/User/.pico-sdk/sdk/2.0.0/src/rp2_common/pico_crt0/crt0.S.obj
                0x100001e8                _entry_point
 *(.init)
 .init          0x10000284        0x4 C:/Users/User/.pico-sdk/toolchain/13_2_Rel1/bin/../lib/gcc/arm-none-eabi/13.2.1/thumb/v6-m/nofp/crti.o
                0x10000284                _init
 *(EXCLUDE_FILE(*libm.a: *libc.a:*lib_a-mem*.o *libgcc.a:) .text*)
 .text.register_tm_clones
                0x10000288       0x28 C:/Users/User/.pico-sdk/toolchain/13_2_Rel1/bin/../lib/gcc/arm-none-eabi/13.2.1/thumb/v6-m/nofp/crtbegin.o
 .text.frame_dummy
                0x100002b0       0x24 C:/Users/User/.pico-sdk/toolchain/13_2_Rel1/bin/../lib/gcc/arm-none-eabi/13.2.1/thumb/v6-m/nofp/crtbegin.o
 .text.adc_gpio_init
                0x100002d4       0x20 CMakeFiles/sistemadejogosprojeto.dir/main.c.obj
 .text.startup.main
                0x100002f4      0x144 CMakeFiles/sistemadejogosprojeto.dir/main.c.obj
                0x100002f4                main
 .text.audio_init
                0x10000438       0x40 CMakeFiles/sistemadejogosprojeto.dir/audio.c.obj
                0x10000438                audio_init
 .text.audio_set_menu_active
                0x10000478       0x4c CMakeFiles/sistemadejogosprojeto.dir/audio.c.obj
                0x10000478                audio_set_menu_active
 .text.audio_play_select
                0x100004c4       0x40 CMakeFiles/sistemadejogosprojeto.dir/audio.c.obj
                0x100004c4                audio_play_select
 .text.audio_play_point
                0x10000504       0x40 CMakeFiles/sistemadejogosprojeto.dir/audio.c.obj
                0x10000504                audio_play_point
 .text.audio_play_game_over
                0x10000544       0x40 CMakeFiles/sistemadejogosprojeto.dir/audio.c.obj
                0x10000544                audio_play_game_over
 .text.audio_play_pong_wall
                0x10000584       0x40 CMakeFiles/sistemadejogosprojeto.dir/audio.c.obj
                0x10000584                audio_play_pong_wall
 .text.audio_play_pong_paddle
                0x100005c4       0x40 CMakeFiles/sistemadejogosprojeto.dir/audio.c.obj
                0x100005c4                audio_play_pong_paddle
 .text.audio_play_snake_eat
                0x10000604       0x40 CMakeFiles/sistemadejogosprojeto.dir/audio.c.obj
                0x10000604                audio_play_snake_eat
 .text.audio_play_snake_move
                0x10000644       0x50 CMakeFiles/sistemadejogosprojeto.dir/audio.c.obj
                0x10000644                audio_play_snake_move
 .text.audio_play_flappy_jump
                0x10000694       0x40 CMakeFiles/sistemadejogosprojeto.dir/audio.c.obj
                0x10000694                audio_play_flappy_jump
 .text.audio_play_flappy_point
                0x100006d4       0x40 CMakeFiles/sistemadejogosprojeto.dir/audio.c.obj
                0x100006d4                audio_play_flappy_point
 .text.audio_play_flappy_die
                0x10000714       0x40 CMakeFiles/sistemadejogosprojeto.dir/audio.c.obj
                0x10000714                audio_play_flappy_die
 .text.audio_update
                0x10000754      0x160 CMakeFiles/sistemadejogosprojeto.dir/audio.c.obj
                0x10000754                audio_update
 .text.effects_init
                0x100008b4       0x34 CMakeFiles/sistemadejogosprojeto.dir/effects.c.obj
                0x100008b4                effects_init
 .text.effects_trigger_game_over
                0x100008e8       0x2c CMakeFiles/sistemadejogosprojeto.dir/effects.c.obj
                0x100008e8                effects_trigger_game_over
 .text.effects_update
                0x10000914      0x120 CMakeFiles/sistemadejogosprojeto.dir/effects.c.obj
                0x10000914                effects_update
 .text.game_init_context
                0x10000a34       0x28 CMakeFiles/sistemadejogosprojeto.dir/game_core.c.obj
                0x10000a34                game_init_context
 .text.joystick_x_raw
                0x10000a5c       0x40 CMakeFiles/sistemadejogosprojeto.dir/game_core.c.obj
                0x10000a5c                joystick_x_raw
 .text.joystick_y_raw
                0x10000a9c       0x44 CMakeFiles/sistemadejogosprojeto.dir/game_core.c.obj
                0x10000a9c                joystick_y_raw
 .text.joystick_axis_value
                0x10000ae0       0x24 CMakeFiles/sistemadejogosprojeto.dir/game_core.c.obj
                0x10000ae0                joystick_axis_value
 .text.button_pressed
                0x10000b04       0x78 CMakeFiles/sistemadejogosprojeto.dir/game_core.c.obj
                0x10000b04                button_pressed
 .text.back_pressed
                0x10000b7c       0x3c CMakeFiles/sistemadejogosprojeto.dir/game_core.c.obj
                0x10000b7c                back_pressed
 .text.clamp_int
                0x10000bb8       0x14 CMakeFiles/sistemadejogosprojeto.dir/game_core.c.obj
                0x10000bb8                clamp_int
 .text.draw_frame
                0x10000bcc       0x44 CMakeFiles/sistemadejogosprojeto.dir/game_core.c.obj
                0x10000bcc                draw_frame
 .text.draw_header
                0x10000c10       0x60 CMakeFiles/sistemadejogosprojeto.dir/game_core.c.obj
                0x10000c10                draw_header
 .text.draw_game_over_overlay
                0x10000c70       0x44 CMakeFiles/sistemadejogosprojeto.dir/game_core.c.obj
                0x10000c70                draw_game_over_overlay
 .text.update_best_score
                0x10000cb4        0xc CMakeFiles/sistemadejogosprojeto.dir/game_core.c.obj
                0x10000cb4                update_best_score
 .text.enter_state
                0x10000cc0       0x24 CMakeFiles/sistemadejogosprojeto.dir/game_core.c.obj
                0x10000cc0                enter_state
 .text.draw_menu_card.constprop.0
                0x10000ce4       0xb0 CMakeFiles/sistemadejogosprojeto.dir/menu.c.obj
 .text.draw_menu
                0x10000d94      0x214 CMakeFiles/sistemadejogosprojeto.dir/menu.c.obj
                0x10000d94                draw_menu
 .text.reset_snake
                0x10000fa8       0xbc CMakeFiles/sistemadejogosprojeto.dir/snake.c.obj
                0x10000fa8                reset_snake
 .text.snake_step
                0x10001064      0x3b8 CMakeFiles/sistemadejogosprojeto.dir/snake.c.obj
                0x10001064                snake_step
 .text.reset_pong
                0x1000141c       0x68 CMakeFiles/sistemadejogosprojeto.dir/pong.c.obj
                0x1000141c                reset_pong
 .text.pong_step
                0x10001484      0x3e0 CMakeFiles/sistemadejogosprojeto.dir/pong.c.obj
                0x10001484                pong_step
 .text.reset_flappy
                0x10001864       0x40 CMakeFiles/sistemadejogosprojeto.dir/flappy.c.obj
                0x10001864                reset_flappy
 .text.flappy_step
                0x100018a4      0x264 CMakeFiles/sistemadejogosprojeto.dir/flappy.c.obj
                0x100018a4                flappy_step
 .text.oled_text.part.0.constprop.0
                0x10001b08      0x570 CMakeFiles/sistemadejogosprojeto.dir/oled.c.obj
 .text.oled_update_ssd1306
                0x10002078      0x138 CMakeFiles/sistemadejogosprojeto.dir/oled.c.obj
 .text.oled_init
                0x100021b0      0x658 CMakeFiles/sistemadejogosprojeto.dir/oled.c.obj
                0x100021b0                oled_init
 .text.oled_is_ready
                0x10002808        0xc CMakeFiles/sistemadejogosprojeto.dir/oled.c.obj
                0x10002808                oled_is_ready
 .text.oled_clear
                0x10002814       0x14 CMakeFiles/sistemadejogosprojeto.dir/oled.c.obj
                0x10002814                oled_clear
 .text.oled_update
                0x10002828       0x14 CMakeFiles/sistemadejogosprojeto.dir/oled.c.obj
                0x10002828                oled_update
 .text.oled_rect
                0x1000283c       0x94 CMakeFiles/sistemadejogosprojeto.dir/oled.c.obj
                0x1000283c                oled_rect
 .text.oled_text
                0x100028d0      0x438 CMakeFiles/sistemadejogosprojeto.dir/oled.c.obj
                0x100028d0                oled_text
 .text.web_sent_callback
                0x10002d08        0x4 CMakeFiles/sistemadejogosprojeto.dir/web.c.obj
 .text.web_set_ip
                0x10002d0c       0x20 CMakeFiles/sistemadejogosprojeto.dir/web.c.obj
 .text.web_set_status
                0x10002d2c       0x20 CMakeFiles/sistemadejogosprojeto.dir/web.c.obj
 .text.web_accept_callback
                0x10002d4c       0x28 CMakeFiles/sistemadejogosprojeto.dir/web.c.obj
 .text.web_recv_callback.part.0
                0x10002d74      0x1c4 CMakeFiles/sistemadejogosprojeto.dir/web.c.obj
 .text.web_recv_callback
                0x10002f38       0x44 CMakeFiles/sistemadejogosprojeto.dir/web.c.obj
 .text.web_status_string
                0x10002f7c        0x8 CMakeFiles/sistemadejogosprojeto.dir/web.c.obj
                0x10002f7c                web_status_string
 .text.web_ip_string
                0x10002f84        0x8 CMakeFiles/sistemadejogosprojeto.dir/web.c.obj
                0x10002f84                web_ip_string
 .text.web_init
                0x10002f8c      0x150 CMakeFiles/sistemadejogosprojeto.dir/web.c.obj
                0x10002f8c                web_init
 .text.web_poll
                0x100030dc       0x7c CMakeFiles/sistemadejogosprojeto.dir/web.c.obj
                0x100030dc                web_poll
 .text.gpio_set_function
                0x10003158       0x34 CMakeFiles/sistemadejogosprojeto.dir/C_/Users/User/.pico-sdk/sdk/2.0.0/src/rp2_common/hardware_gpio/gpio.c.obj
                0x10003158                gpio_set_function
 .text.gpio_set_pulls
                0x1000318c       0x28 CMakeFiles/sistemadejogosprojeto.dir/C_/Users/User/.pico-sdk/sdk/2.0.0/src/rp2_common/hardware_gpio/gpio.c.obj
                0x1000318c                gpio_set_pulls
 .text.gpio_set_input_hysteresis_enabled
                0x100031b4       0x28 CMakeFiles/sistemadejogosprojeto.dir/C_/Users/User/.pico-sdk/sdk/2.0.0/src/rp2_common/hardware_gpio/gpio.c.obj
                0x100031b4                gpio_set_input_hysteresis_enabled
 .text.gpio_set_irq_enabled
                0x100031dc       0x58 CMakeFiles/sistemadejogosprojeto.dir/C_/Users/User/.pico-sdk/sdk/2.0.0/src/rp2_common/hardware_gpio/gpio.c.obj
                0x100031dc                gpio_set_irq_enabled
 .text.gpio_add_raw_irq_handler_with_order_priority_masked
                0x10003234       0x44 CMakeFiles/sistemadejogosprojeto.dir/C_/Users/User/.pico-sdk/sdk/2.0.0/src/rp2_common/hardware_gpio/gpio.c.obj
                0x10003234                gpio_add_raw_irq_handler_with_order_priority_masked
 .text.gpio_remove_raw_irq_handler_masked
                0x10003278       0x20 CMakeFiles/sistemadejogosprojeto.dir/C_/Users/User/.pico-sdk/sdk/2.0.0/src/rp2_common/hardware_gpio/gpio.c.obj
                0x10003278                gpio_remove_raw_irq_handler_masked
 .text.gpio_set_input_enabled
                0x10003298       0x28 CMakeFiles/sistemadejogosprojeto.dir/C_/Users/User/.pico-sdk/sdk/2.0.0/src/rp2_common/hardware_gpio/gpio.c.obj
                0x10003298                gpio_set_input_enabled
 .text.gpio_init
                0x100032c0       0x40 CMakeFiles/sistemadejogosprojeto.dir/C_/Users/User/.pico-sdk/sdk/2.0.0/src/rp2_common/hardware_gpio/gpio.c.obj
                0x100032c0                gpio_init
 .text.rp2040_chip_version
                0x10003300        0xc CMakeFiles/sistemadejogosprojeto.dir/C_/Users/User/.pico-sdk/sdk/2.0.0/src/rp2040/pico_platform/platform.c.obj
                0x10003300                rp2040_chip_version
 .text.panic    0x1000330c       0x30 CMakeFiles/sistemadejogosprojeto.dir/C_/Users/User/.pico-sdk/sdk/2.0.0/src/rp2_common/pico_platform_panic/panic.c.obj
                0x1000330c                panic
 .text.hw_claim_lock
                0x1000333c       0x18 CMakeFiles/sistemadejogosprojeto.dir/C_/Users/User/.pico-sdk/sdk/2.0.0/src/common/hardware_claim/claim.c.obj
                0x1000333c                hw_claim_lock
 .text.hw_claim_unlock
                0x10003354       0x14 CMakeFiles/sistemadejogosprojeto.dir/C_/Users/User/.pico-sdk/sdk/2.0.0/src/common/hardware_claim/claim.c.obj
                0x10003354                hw_claim_unlock
 .text.hw_claim_or_assert
                0x10003368       0x44 CMakeFiles/sistemadejogosprojeto.dir/C_/Users/User/.pico-sdk/sdk/2.0.0/src/common/hardware_claim/claim.c.obj
                0x10003368                hw_claim_or_assert
 .text.hw_claim_unused_from_range
                0x100033ac       0x9c CMakeFiles/sistemadejogosprojeto.dir/C_/Users/User/.pico-sdk/sdk/2.0.0/src/common/hardware_claim/claim.c.obj
                0x100033ac                hw_claim_unused_from_range
 .text.hw_claim_clear
                0x10003448       0x38 CMakeFiles/sistemadejogosprojeto.dir/C_/Users/User/.pico-sdk/sdk/2.0.0/src/common/hardware_claim/claim.c.obj
                0x10003448                hw_claim_clear
 .text.next_striped_spin_lock_num
                0x10003480       0x18 CMakeFiles/sistemadejogosprojeto.dir/C_/Users/User/.pico-sdk/sdk/2.0.0/src/rp2_common/hardware_sync/sync.c.obj
                0x10003480                next_striped_spin_lock_num
 .text.spin_lock_claim_unused
                0x10003498       0x24 CMakeFiles/sistemadejogosprojeto.dir/C_/Users/User/.pico-sdk/sdk/2.0.0/src/rp2_common/hardware_sync/sync.c.obj
                0x10003498                spin_lock_claim_unused
 .text.spin_locks_reset
                0x100034bc       0x1c CMakeFiles/sistemadejogosprojeto.dir/C_/Users/User/.pico-sdk/sdk/2.0.0/src/rp2_common/hardware_sync_spin_lock/sync_spin_lock.c.obj
                0x100034bc                spin_locks_reset
 .text.runtime_init_per_core_irq_priorities
                0x100034d8       0x24 CMakeFiles/sistemadejogosprojeto.dir/C_/Users/User/.pico-sdk/sdk/2.0.0/src/rp2_common/hardware_irq/irq.c.obj
                0x100034d8                runtime_init_per_core_irq_priorities
 .text.irq_set_enabled
                0x100034fc       0x24 CMakeFiles/sistemadejogosprojeto.dir/C_/Users/User/.pico-sdk/sdk/2.0.0/src/rp2_common/hardware_irq/irq.c.obj
                0x100034fc                irq_set_enabled
 .text.irq_is_enabled
                0x10003520       0x18 CMakeFiles/sistemadejogosprojeto.dir/C_/Users/User/.pico-sdk/sdk/2.0.0/src/rp2_common/hardware_irq/irq.c.obj
                0x10003520                irq_is_enabled
 .text.irq_set_pending
                0x10003538       0x10 CMakeFiles/sistemadejogosprojeto.dir/C_/Users/User/.pico-sdk/sdk/2.0.0/src/rp2_common/hardware_irq/irq.c.obj
                0x10003538                irq_set_pending
 .text.irq_has_shared_handler
                0x10003548       0x2c CMakeFiles/sistemadejogosprojeto.dir/C_/Users/User/.pico-sdk/sdk/2.0.0/src/rp2_common/hardware_irq/irq.c.obj
                0x10003548                irq_has_shared_handler
 .text.irq_set_exclusive_handler
                0x10003574       0x54 CMakeFiles/sistemadejogosprojeto.dir/C_/Users/User/.pico-sdk/sdk/2.0.0/src/rp2_common/hardware_irq/irq.c.obj
                0x10003574                irq_set_exclusive_handler
 .text.irq_add_shared_handler
                0x100035c8      0x1f4 CMakeFiles/sistemadejogosprojeto.dir/C_/Users/User/.pico-sdk/sdk/2.0.0/src/rp2_common/hardware_irq/irq.c.obj
                0x100035c8                irq_add_shared_handler
 .text.irq_remove_handler
                0x100037bc      0x1d4 CMakeFiles/sistemadejogosprojeto.dir/C_/Users/User/.pico-sdk/sdk/2.0.0/src/rp2_common/hardware_irq/irq.c.obj
                0x100037bc                irq_remove_handler
 .text.irq_add_tail_to_free_list
                0x10003990       0xb4 CMakeFiles/sistemadejogosprojeto.dir/C_/Users/User/.pico-sdk/sdk/2.0.0/src/rp2_common/hardware_irq/irq.c.obj
                0x10003990                irq_add_tail_to_free_list
 .text.user_irq_claim_unused
                0x10003a44       0x2c CMakeFiles/sistemadejogosprojeto.dir/C_/Users/User/.pico-sdk/sdk/2.0.0/src/rp2_common/hardware_irq/irq.c.obj
                0x10003a44                user_irq_claim_unused
 .text.sem_init
                0x10003a70       0x20 CMakeFiles/sistemadejogosprojeto.dir/C_/Users/User/.pico-sdk/sdk/2.0.0/src/common/pico_sync/sem.c.obj
                0x10003a70                sem_init
 .text.lock_init
                0x10003a90       0x10 CMakeFiles/sistemadejogosprojeto.dir/C_/Users/User/.pico-sdk/sdk/2.0.0/src/common/pico_sync/lock_core.c.obj
                0x10003a90                lock_init
 .text.runtime_init_mutex
                0x10003aa0       0x50 CMakeFiles/sistemadejogosprojeto.dir/C_/Users/User/.pico-sdk/sdk/2.0.0/src/common/pico_sync/mutex.c.obj
                0x10003aa0                runtime_init_mutex
 .text.mutex_init
                0x10003af0       0x1c CMakeFiles/sistemadejogosprojeto.dir/C_/Users/User/.pico-sdk/sdk/2.0.0/src/common/pico_sync/mutex.c.obj
                0x10003af0                mutex_init
 .text.critical_section_init
                0x10003b0c       0x1c CMakeFiles/sistemadejogosprojeto.dir/C_/Users/User/.pico-sdk/sdk/2.0.0/src/common/pico_sync/critical_section.c.obj
                0x10003b0c                critical_section_init
 .text.critical_section_init_with_lock_num
                0x10003b28       0x14 CMakeFiles/sistemadejogosprojeto.dir/C_/Users/User/.pico-sdk/sdk/2.0.0/src/common/pico_sync/critical_section.c.obj
                0x10003b28                critical_section_init_with_lock_num
 .text.sleep_until_callback
                0x10003b3c       0x30 CMakeFiles/sistemadejogosprojeto.dir/C_/Users/User/.pico-sdk/sdk/2.0.0/src/common/pico_time/time.c.obj
 .text.alarm_pool_irq_handler
                0x10003b6c      0x2e4 CMakeFiles/sistemadejogosprojeto.dir/C_/Users/User/.pico-sdk/sdk/2.0.0/src/common/pico_time/time.c.obj
 .text.runtime_init_default_alarm_pool
                0x10003e50       0xdc CMakeFiles/sistemadejogosprojeto.dir/C_/Users/User/.pico-sdk/sdk/2.0.0/src/common/pico_time/time.c.obj
                0x10003e50                runtime_init_default_alarm_pool
 .text.alarm_pool_get_default
                0x10003f2c        0x8 CMakeFiles/sistemadejogosprojeto.dir/C_/Users/User/.pico-sdk/sdk/2.0.0/src/common/pico_time/time.c.obj
                0x10003f2c                alarm_pool_get_default
 .text.alarm_pool_add_alarm_at
                0x10003f34       0xd4 CMakeFiles/sistemadejogosprojeto.dir/C_/Users/User/.pico-sdk/sdk/2.0.0/src/common/pico_time/time.c.obj
                0x10003f34                alarm_pool_add_alarm_at
 .text.alarm_pool_add_alarm_at_force_in_context
                0x10004008       0xb0 CMakeFiles/sistemadejogosprojeto.dir/C_/Users/User/.pico-sdk/sdk/2.0.0/src/common/pico_time/time.c.obj
                0x10004008                alarm_pool_add_alarm_at_force_in_context
 .text.alarm_pool_cancel_alarm
                0x100040b8       0x74 CMakeFiles/sistemadejogosprojeto.dir/C_/Users/User/.pico-sdk/sdk/2.0.0/src/common/pico_time/time.c.obj
                0x100040b8                alarm_pool_cancel_alarm
 .text.alarm_pool_core_num
                0x1000412c        0x4 CMakeFiles/sistemadejogosprojeto.dir/C_/Users/User/.pico-sdk/sdk/2.0.0/src/common/pico_time/time.c.obj
                0x1000412c                alarm_pool_core_num
 .text.sleep_until
                0x10004130       0xd8 CMakeFiles/sistemadejogosprojeto.dir/C_/Users/User/.pico-sdk/sdk/2.0.0/src/common/pico_time/time.c.obj
                0x10004130                sleep_until
 .text.sleep_us
                0x10004208       0x28 CMakeFiles/sistemadejogosprojeto.dir/C_/Users/User/.pico-sdk/sdk/2.0.0/src/common/pico_time/time.c.obj
                0x10004208                sleep_us
 .text.sleep_ms
                0x10004230       0x38 CMakeFiles/sistemadejogosprojeto.dir/C_/Users/User/.pico-sdk/sdk/2.0.0/src/common/pico_time/time.c.obj
                0x10004230                sleep_ms
 .text.best_effort_wfe_or_timeout
                0x10004268      0x134 CMakeFiles/sistemadejogosprojeto.dir/C_/Users/User/.pico-sdk/sdk/2.0.0/src/common/pico_time/time.c.obj
                0x10004268                best_effort_wfe_or_timeout
 .text.timer_hardware_alarm_claim
                0x1000439c       0x14 CMakeFiles/sistemadejogosprojeto.dir/C_/Users/User/.pico-sdk/sdk/2.0.0/src/rp2_common/hardware_timer/timer.c.obj
                0x1000439c                timer_hardware_alarm_claim
 .text.timer_time_us_64
                0x100043b0       0x10 CMakeFiles/sistemadejogosprojeto.dir/C_/Users/User/.pico-sdk/sdk/2.0.0/src/rp2_common/hardware_timer/timer.c.obj
                0x100043b0                timer_time_us_64
 .text.time_us_64
                0x100043c0       0x14 CMakeFiles/sistemadejogosprojeto.dir/C_/Users/User/.pico-sdk/sdk/2.0.0/src/rp2_common/hardware_timer/timer.c.obj
                0x100043c0                time_us_64
 .text.busy_wait_until
                0x100043d4       0x20 CMakeFiles/sistemadejogosprojeto.dir/C_/Users/User/.pico-sdk/sdk/2.0.0/src/rp2_common/hardware_timer/timer.c.obj
                0x100043d4                busy_wait_until
 .text.clock_configure_int_divider
                0x100043f4       0xf4 CMakeFiles/sistemadejogosprojeto.dir/C_/Users/User/.pico-sdk/sdk/2.0.0/src/rp2_common/hardware_clocks/clocks.c.obj
                0x100043f4                clock_configure_int_divider
 .text.clock_configure_undivided
                0x100044e8       0xe8 CMakeFiles/sistemadejogosprojeto.dir/C_/Users/User/.pico-sdk/sdk/2.0.0/src/rp2_common/hardware_clocks/clocks.c.obj
                0x100044e8                clock_configure_undivided
 .text.clock_get_hz
                0x100045d0        0xc CMakeFiles/sistemadejogosprojeto.dir/C_/Users/User/.pico-sdk/sdk/2.0.0/src/rp2_common/hardware_clocks/clocks.c.obj
                0x100045d0                clock_get_hz
 .text.pll_init
                0x100045dc       0xa4 CMakeFiles/sistemadejogosprojeto.dir/C_/Users/User/.pico-sdk/sdk/2.0.0/src/rp2_common/hardware_pll/pll.c.obj
                0x100045dc                pll_init
 .text.watchdog_reboot
                0x10004680       0x9c CMakeFiles/sistemadejogosprojeto.dir/C_/Users/User/.pico-sdk/sdk/2.0.0/src/rp2_common/hardware_watchdog/watchdog.c.obj
                0x10004680                watchdog_reboot
 .text.tick_start
                0x1000471c       0x10 CMakeFiles/sistemadejogosprojeto.dir/C_/Users/User/.pico-sdk/sdk/2.0.0/src/rp2_common/hardware_ticks/ticks.c.obj
                0x1000471c                tick_start
 .text.xosc_init
                0x1000472c       0x28 CMakeFiles/sistemadejogosprojeto.dir/C_/Users/User/.pico-sdk/sdk/2.0.0/src/rp2_common/hardware_xosc/xosc.c.obj
                0x1000472c                xosc_init
 .text.first_per_core_initializer
                0x10004754        0x4 CMakeFiles/sistemadejogosprojeto.dir/C_/Users/User/.pico-sdk/sdk/2.0.0/src/rp2_common/pico_runtime/runtime.c.obj
 .text.hard_assertion_failure
                0x10004758        0xc CMakeFiles/sistemadejogosprojeto.dir/C_/Users/User/.pico-sdk/sdk/2.0.0/src/rp2_common/pico_runtime/runtime.c.obj
                0x10004758                hard_assertion_failure
 .text.runtime_run_initializers
                0x10004764       0x28 CMakeFiles/sistemadejogosprojeto.dir/C_/Users/User/.pico-sdk/sdk/2.0.0/src/rp2_common/pico_runtime/runtime.c.obj
                0x10004764                runtime_run_initializers
 .text.runtime_init_early_resets
                0x1000478c       0x2c CMakeFiles/sistemadejogosprojeto.dir/C_/Users/User/.pico-sdk/sdk/2.0.0/src/rp2_common/pico_runtime_init/runtime_init.c.obj
                0x1000478c                runtime_init_early_resets
 .text.runtime_init_usb_power_down
                0x100047b8       0x1c CMakeFiles/sistemadejogosprojeto.dir/C_/Users/User/.pico-sdk/sdk/2.0.0/src/rp2_common/pico_runtime_init/runtime_init.c.obj
                0x100047b8                runtime_init_usb_power_down
 .text.runtime_init_post_clock_resets
                0x100047d4       0x20 CMakeFiles/sistemadejogosprojeto.dir/C_/Users/User/.pico-sdk/sdk/2.0.0/src/rp2_common/pico_runtime_init/runtime_init.c.obj
                0x100047d4                runtime_init_post_clock_resets
 .text.runtime_init_rp2040_gpio_ie_disable
                0x100047f4       0x14 CMakeFiles/sistemadejogosprojeto.dir/C_/Users/User/.pico-sdk/sdk/2.0.0/src/rp2_common/pico_runtime_init/runtime_init.c.obj
                0x100047f4                runtime_init_rp2040_gpio_ie_disable
 .text.runtime_init_spin_locks_reset
                0x10004808        0x8 CMakeFiles/sistemadejogosprojeto.dir/C_/Users/User/.pico-sdk/sdk/2.0.0/src/rp2_common/pico_runtime_init/runtime_init.c.obj
                0x10004808                runtime_init_spin_locks_reset
 .text.runtime_init_install_ram_vector_table
                0x10004810       0x1c CMakeFiles/sistemadejogosprojeto.dir/C_/Users/User/.pico-sdk/sdk/2.0.0/src/rp2_common/pico_runtime_init/runtime_init.c.obj
                0x10004810                runtime_init_install_ram_vector_table
 .text.runtime_init_clocks
                0x1000482c       0xd8 CMakeFiles/sistemadejogosprojeto.dir/C_/Users/User/.pico-sdk/sdk/2.0.0/src/rp2_common/pico_runtime_init/runtime_init_clocks.c.obj
                0x1000482c                runtime_init_clocks
 .text          0x10004904       0x10 CMakeFiles/sistemadejogosprojeto.dir/C_/Users/User/.pico-sdk/sdk/2.0.0/src/rp2_common/pico_bit_ops/bit_ops_aeabi.S.obj
 .text.ctzsi    0x10004914        0xc CMakeFiles/sistemadejogosprojeto.dir/C_/Users/User/.pico-sdk/sdk/2.0.0/src/rp2_common/pico_bit_ops/bit_ops_aeabi.S.obj
                0x10004914                __wrap___ctzsi2
 .text.rom_func_lookup
                0x10004920       0x10 CMakeFiles/sistemadejogosprojeto.dir/C_/Users/User/.pico-sdk/sdk/2.0.0/src/rp2_common/pico_bootrom/bootrom.c.obj
                0x10004920                rom_func_lookup
 .text.rom_data_lookup
                0x10004930       0x10 CMakeFiles/sistemadejogosprojeto.dir/C_/Users/User/.pico-sdk/sdk/2.0.0/src/rp2_common/pico_bootrom/bootrom.c.obj
                0x10004930                rom_data_lookup
 .text.rom_funcs_lookup
                0x10004940       0x44 CMakeFiles/sistemadejogosprojeto.dir/C_/Users/User/.pico-sdk/sdk/2.0.0/src/rp2_common/pico_bootrom/bootrom.c.obj
                0x10004940                rom_funcs_lookup
 .text.rom_reset_usb_boot
                0x10004984       0x20 CMakeFiles/sistemadejogosprojeto.dir/C_/Users/User/.pico-sdk/sdk/2.0.0/src/rp2_common/pico_bootrom/bootrom.c.obj
                0x10004984                rom_reset_usb_boot
 .text.__wrap___aeabi_idiv
                0x100049a4       0x50 CMakeFiles/sistemadejogosprojeto.dir/C_/Users/User/.pico-sdk/sdk/2.0.0/src/rp2_common/pico_divider/divider_hardware.S.obj
                0x100049a4                __wrap___aeabi_idivmod
                0x100049a4                divmod_s32s32
                0x100049a4                div_s32s32
                0x100049a4                __wrap___aeabi_idiv
                0x100049ac                divmod_s32s32_unsafe
                0x100049d8                divmod_s32s32_savestate
 .text.__wrap___aeabi_uidiv
                0x100049f4       0x4c CMakeFiles/sistemadejogosprojeto.dir/C_/Users/User/.pico-sdk/sdk/2.0.0/src/rp2_common/pico_divider/divider_hardware.S.obj
                0x100049f4                __wrap___aeabi_uidiv
                0x100049f4                __wrap___aeabi_uidivmod
                0x100049f4                div_u32u32
                0x100049f4                divmod_u32u32
                0x100049fc                divmod_u32u32_unsafe
                0x10004a24                divmod_u32u32_savestate
 .text.__wrap___aeabi_ldiv
                0x10004a40      0x424 CMakeFiles/sistemadejogosprojeto.dir/C_/Users/User/.pico-sdk/sdk/2.0.0/src/rp2_common/pico_divider/divider_hardware.S.obj
                0x10004a40                div_s64s64
                0x10004a40                divmod_s64s64
                0x10004a40                __wrap___aeabi_ldivmod
                0x10004a70                divmod_u64u64
                0x10004a70                div_u64u64
                0x10004a70                __wrap___aeabi_uldivmod
                0x10004a80                divmod_u64u64_savestate
                0x10004aa0                divmod_s64s64_unsafe
                0x10004b28                divmod_u64u64_unsafe
 .text.__wrap___aeabi_darithmetic
                0x10004e64       0x60 CMakeFiles/sistemadejogosprojeto.dir/C_/Users/User/.pico-sdk/sdk/2.0.0/src/rp2_common/pico_double/double_aeabi_rp2040.S.obj
                0x10004e64                __wrap___aeabi_drsub
                0x10004e6a                __wrap___aeabi_dsub
                0x10004e74                __wrap___aeabi_dadd
                0x10004e7e                __wrap___aeabi_ddiv
                0x10004eb2                __wrap___aeabi_dmul
 .text.__wrap___aeabi_cdcmple
                0x10004ec4       0x6c CMakeFiles/sistemadejogosprojeto.dir/C_/Users/User/.pico-sdk/sdk/2.0.0/src/rp2_common/pico_double/double_aeabi_rp2040.S.obj
                0x10004ec4                __wrap___aeabi_cdrcmple
                0x10004ed4                __wrap___aeabi_cdcmpeq
                0x10004ed4                __wrap___aeabi_cdcmple
 .text.__wrap___aeabi_dcmplt
                0x10004f30        0xc CMakeFiles/sistemadejogosprojeto.dir/C_/Users/User/.pico-sdk/sdk/2.0.0/src/rp2_common/pico_double/double_aeabi_rp2040.S.obj
                0x10004f30                __wrap___aeabi_dcmplt
 .text.__wrap___aeabi_dcmpge
                0x10004f3c       0x10 CMakeFiles/sistemadejogosprojeto.dir/C_/Users/User/.pico-sdk/sdk/2.0.0/src/rp2_common/pico_double/double_aeabi_rp2040.S.obj
                0x10004f3c                __wrap___aeabi_dcmpge
 .text.__wrap___aeabi_dcmpgt
                0x10004f4c        0xa CMakeFiles/sistemadejogosprojeto.dir/C_/Users/User/.pico-sdk/sdk/2.0.0/src/rp2_common/pico_double/double_aeabi_rp2040.S.obj
                0x10004f4c                __wrap___aeabi_dcmpgt
 .text.__wrap___aeabi_dcmpun
                0x10004f56       0x18 CMakeFiles/sistemadejogosprojeto.dir/C_/Users/User/.pico-sdk/sdk/2.0.0/src/rp2_common/pico_double/double_aeabi_rp2040.S.obj
                0x10004f56                __wrap___aeabi_dcmpun
 *fill*         0x10004f6e        0x2 
 .text.__wrap___aeabi_i2d
                0x10004f70       0x38 CMakeFiles/sistemadejogosprojeto.dir/C_/Users/User/.pico-sdk/sdk/2.0.0/src/rp2_common/pico_double/double_aeabi_rp2040.S.obj
                0x10004f70                __wrap___aeabi_ui2d
                0x10004f78                __wrap___aeabi_i2d
 .text.__wrap___aeabi_d2iz
                0x10004fa8       0x48 CMakeFiles/sistemadejogosprojeto.dir/C_/Users/User/.pico-sdk/sdk/2.0.0/src/rp2_common/pico_double/double_aeabi_rp2040.S.obj
                0x10004fa8                double2int_z
                0x10004fa8                __wrap___aeabi_d2iz
 .text.__wrap___aeabi_d2uiz
                0x10004ff0       0x10 CMakeFiles/sistemadejogosprojeto.dir/C_/Users/User/.pico-sdk/sdk/2.0.0/src/rp2_common/pico_double/double_aeabi_rp2040.S.obj
                0x10004ff0                __wrap___aeabi_d2uiz
                0x10004ff0                double2uint
 .text.missing_double_func_shim
                0x10005000        0xc CMakeFiles/sistemadejogosprojeto.dir/C_/Users/User/.pico-sdk/sdk/2.0.0/src/rp2_common/pico_double/double_init_rom_rp2040.c.obj
 .text.__aeabi_double_init
                0x1000500c       0xa0 CMakeFiles/sistemadejogosprojeto.dir/C_/Users/User/.pico-sdk/sdk/2.0.0/src/rp2_common/pico_double/double_init_rom_rp2040.c.obj
                0x1000500c                __aeabi_double_init
 .text.double_table_shim_on_use_helper
                0x100050ac       0x2c CMakeFiles/sistemadejogosprojeto.dir/C_/Users/User/.pico-sdk/sdk/2.0.0/src/rp2_common/pico_double/double_v1_rom_shim_rp2040.S.obj
                0x100050ac                double_table_shim_on_use_helper
 .text.__aeabi_lmul
                0x100050d8       0x32 CMakeFiles/sistemadejogosprojeto.dir/C_/Users/User/.pico-sdk/sdk/2.0.0/src/rp2_common/pico_int64_ops/pico_int64_ops_aeabi.S.obj
                0x100050d8                __wrap___aeabi_lmul
 *fill*         0x1000510a        0x2 
 .text.__wrap___aeabi_farithmetic
                0x1000510c       0x48 CMakeFiles/sistemadejogosprojeto.dir/C_/Users/User/.pico-sdk/sdk/2.0.0/src/rp2_common/pico_float/float_aeabi_rp2040.S.obj
                0x1000510c                __wrap___aeabi_frsub
                0x10005112                __wrap___aeabi_fsub
                0x10005118                __wrap___aeabi_fadd
                0x1000511e                __wrap___aeabi_fdiv
                0x10005146                __wrap___aeabi_fmul
 .text.__wrap___aeabi_ui2f
                0x10005154        0xa CMakeFiles/sistemadejogosprojeto.dir/C_/Users/User/.pico-sdk/sdk/2.0.0/src/rp2_common/pico_float/float_aeabi_rp2040.S.obj
                0x10005154                __wrap___aeabi_ui2f
                0x10005154                uint2float
 *fill*         0x1000515e        0x2 
 .text.__wrap___aeabi_i2f
                0x10005160       0x44 CMakeFiles/sistemadejogosprojeto.dir/C_/Users/User/.pico-sdk/sdk/2.0.0/src/rp2_common/pico_float/float_aeabi_rp2040.S.obj
                0x10005160                __wrap___aeabi_i2f
                0x10005160                int2float
 .text.__wrap___aeabi_f2uiz
                0x100051a4        0xc CMakeFiles/sistemadejogosprojeto.dir/C_/Users/User/.pico-sdk/sdk/2.0.0/src/rp2_common/pico_float/float_aeabi_rp2040.S.obj
                0x100051a4                __wrap___aeabi_f2uiz
                0x100051a4                float2uint_z
 .text.missing_float_func_shim
                0x100051b0        0xc CMakeFiles/sistemadejogosprojeto.dir/C_/Users/User/.pico-sdk/sdk/2.0.0/src/rp2_common/pico_float/float_init_rom_rp2040.c.obj
 .text.__aeabi_float_init
                0x100051bc       0x5c CMakeFiles/sistemadejogosprojeto.dir/C_/Users/User/.pico-sdk/sdk/2.0.0/src/rp2_common/pico_float/float_init_rom_rp2040.c.obj
                0x100051bc                __aeabi_float_init
 .text          0x10005218       0x10 CMakeFiles/sistemadejogosprojeto.dir/C_/Users/User/.pico-sdk/sdk/2.0.0/src/rp2_common/pico_mem_ops/mem_ops_aeabi.S.obj
                0x10005218                __aeabi_mem_init
 .text.memset   0x10005228        0xc CMakeFiles/sistemadejogosprojeto.dir/C_/Users/User/.pico-sdk/sdk/2.0.0/src/rp2_common/pico_mem_ops/mem_ops_aeabi.S.obj
                0x10005228                __wrap_memset
 .text.memcpy   0x10005234        0xc CMakeFiles/sistemadejogosprojeto.dir/C_/Users/User/.pico-sdk/sdk/2.0.0/src/rp2_common/pico_mem_ops/mem_ops_aeabi.S.obj
                0x10005234                __wrap_memcpy
                0x10005234                __wrap___aeabi_memcpy
 .text._out_buffer
                0x10005240        0x8 CMakeFiles/sistemadejogosprojeto.dir/C_/Users/User/.pico-sdk/sdk/2.0.0/src/rp2_common/pico_printf/printf.c.obj
 .text._out_null
                0x10005248        0x4 CMakeFiles/sistemadejogosprojeto.dir/C_/Users/User/.pico-sdk/sdk/2.0.0/src/rp2_common/pico_printf/printf.c.obj
 .text._out_rev
                0x1000524c       0xac CMakeFiles/sistemadejogosprojeto.dir/C_/Users/User/.pico-sdk/sdk/2.0.0/src/rp2_common/pico_printf/printf.c.obj
 .text._ntoa_format
                0x100052f8      0x250 CMakeFiles/sistemadejogosprojeto.dir/C_/Users/User/.pico-sdk/sdk/2.0.0/src/rp2_common/pico_printf/printf.c.obj
 .text._out_char
                0x10005548       0x10 CMakeFiles/sistemadejogosprojeto.dir/C_/Users/User/.pico-sdk/sdk/2.0.0/src/rp2_common/pico_printf/printf.c.obj
 .text._out_fct
                0x10005558       0x10 CMakeFiles/sistemadejogosprojeto.dir/C_/Users/User/.pico-sdk/sdk/2.0.0/src/rp2_common/pico_printf/printf.c.obj
 .text._etoa    0x10005568      0x464 CMakeFiles/sistemadejogosprojeto.dir/C_/Users/User/.pico-sdk/sdk/2.0.0/src/rp2_common/pico_printf/printf.c.obj
 .text._ftoa    0x100059cc      0x3c0 CMakeFiles/sistemadejogosprojeto.dir/C_/Users/User/.pico-sdk/sdk/2.0.0/src/rp2_common/pico_printf/printf.c.obj
 .text._vsnprintf
                0x10005d8c      0xbc8 CMakeFiles/sistemadejogosprojeto.dir/C_/Users/User/.pico-sdk/sdk/2.0.0/src/rp2_common/pico_printf/printf.c.obj
 .text.__wrap_snprintf
                0x10006954       0x28 CMakeFiles/sistemadejogosprojeto.dir/C_/Users/User/.pico-sdk/sdk/2.0.0/src/rp2_common/pico_printf/printf.c.obj
                0x10006954                __wrap_snprintf
 .text.__wrap_vsnprintf
                0x1000697c       0x1c CMakeFiles/sistemadejogosprojeto.dir/C_/Users/User/.pico-sdk/sdk/2.0.0/src/rp2_common/pico_printf/printf.c.obj
                0x1000697c                __wrap_vsnprintf
 .text.vfctprintf
                0x10006998       0x20 CMakeFiles/sistemadejogosprojeto.dir/C_/Users/User/.pico-sdk/sdk/2.0.0/src/rp2_common/pico_printf/printf.c.obj
                0x10006998                vfctprintf
 .text.weak_raw_vprintf
                0x100069b8       0x30 CMakeFiles/sistemadejogosprojeto.dir/C_/Users/User/.pico-sdk/sdk/2.0.0/src/rp2_common/pico_printf/printf.c.obj
                0x100069b8                weak_raw_vprintf
 .text._exit    0x100069e8        0x4 CMakeFiles/sistemadejogosprojeto.dir/C_/Users/User/.pico-sdk/sdk/2.0.0/src/rp2_common/pico_clib_interface/newlib_interface.c.obj
                0x100069e8                _exit
 .text.exit     0x100069ec        0x8 CMakeFiles/sistemadejogosprojeto.dir/C_/Users/User/.pico-sdk/sdk/2.0.0/src/rp2_common/pico_clib_interface/newlib_interface.c.obj
                0x100069ec                exit
 .text.runtime_init
                0x100069f4       0x2c CMakeFiles/sistemadejogosprojeto.dir/C_/Users/User/.pico-sdk/sdk/2.0.0/src/rp2_common/pico_clib_interface/newlib_interface.c.obj
                0x100069f4                runtime_init
 .text.stdio_out_chars_no_crlf
                0x10006a20       0x10 CMakeFiles/sistemadejogosprojeto.dir/C_/Users/User/.pico-sdk/sdk/2.0.0/src/rp2_common/pico_stdio/stdio.c.obj
 .text.stdio_out_chars_crlf
                0x10006a30       0x94 CMakeFiles/sistemadejogosprojeto.dir/C_/Users/User/.pico-sdk/sdk/2.0.0/src/rp2_common/pico_stdio/stdio.c.obj
 .text.stdio_buffered_printer
                0x10006ac4       0x64 CMakeFiles/sistemadejogosprojeto.dir/C_/Users/User/.pico-sdk/sdk/2.0.0/src/rp2_common/pico_stdio/stdio.c.obj
 .text.stdio_put_string
                0x10006b28      0x100 CMakeFiles/sistemadejogosprojeto.dir/C_/Users/User/.pico-sdk/sdk/2.0.0/src/rp2_common/pico_stdio/stdio.c.obj
                0x10006b28                stdio_put_string
 .text.stdio_set_driver_enabled
                0x10006c28       0x30 CMakeFiles/sistemadejogosprojeto.dir/C_/Users/User/.pico-sdk/sdk/2.0.0/src/rp2_common/pico_stdio/stdio.c.obj
                0x10006c28                stdio_set_driver_enabled
 .text.stdio_init_all
                0x10006c58        0x8 CMakeFiles/sistemadejogosprojeto.dir/C_/Users/User/.pico-sdk/sdk/2.0.0/src/rp2_common/pico_stdio/stdio.c.obj
                0x10006c58                stdio_init_all
 .text.__wrap_putchar
                0x10006c60       0x98 CMakeFiles/sistemadejogosprojeto.dir/C_/Users/User/.pico-sdk/sdk/2.0.0/src/rp2_common/pico_stdio/stdio.c.obj
                0x10006c60                __wrap_putchar
                0x10006c60                stdio_putchar
 .text.__wrap_puts
                0x10006cf8       0x3c CMakeFiles/sistemadejogosprojeto.dir/C_/Users/User/.pico-sdk/sdk/2.0.0/src/rp2_common/pico_stdio/stdio.c.obj
                0x10006cf8                stdio_puts
                0x10006cf8                __wrap_puts
 .text.__wrap_vprintf
                0x10006d34       0xd4 CMakeFiles/sistemadejogosprojeto.dir/C_/Users/User/.pico-sdk/sdk/2.0.0/src/rp2_common/pico_stdio/stdio.c.obj
                0x10006d34                stdio_vprintf
                0x10006d34                __wrap_vprintf
 .text.__wrap_printf
                0x10006e08       0x18 CMakeFiles/sistemadejogosprojeto.dir/C_/Users/User/.pico-sdk/sdk/2.0.0/src/rp2_common/pico_stdio/stdio.c.obj
                0x10006e08                __wrap_printf
                0x10006e08                stdio_printf
 .text.resetd_init
                0x10006e20        0x4 CMakeFiles/sistemadejogosprojeto.dir/C_/Users/User/.pico-sdk/sdk/2.0.0/src/rp2_common/pico_stdio_usb/reset_interface.c.obj
 .text.resetd_reset
                0x10006e24        0xc CMakeFiles/sistemadejogosprojeto.dir/C_/Users/User/.pico-sdk/sdk/2.0.0/src/rp2_common/pico_stdio_usb/reset_interface.c.obj
 .text.resetd_open
                0x10006e30       0x28 CMakeFiles/sistemadejogosprojeto.dir/C_/Users/User/.pico-sdk/sdk/2.0.0/src/rp2_common/pico_stdio_usb/reset_interface.c.obj
 .text.resetd_xfer_cb
                0x10006e58        0x4 CMakeFiles/sistemadejogosprojeto.dir/C_/Users/User/.pico-sdk/sdk/2.0.0/src/rp2_common/pico_stdio_usb/reset_interface.c.obj
 .text.resetd_control_xfer_cb
                0x10006e5c       0x54 CMakeFiles/sistemadejogosprojeto.dir/C_/Users/User/.pico-sdk/sdk/2.0.0/src/rp2_common/pico_stdio_usb/reset_interface.c.obj
 .text.tud_descriptor_bos_cb
                0x10006eb0        0x8 CMakeFiles/sistemadejogosprojeto.dir/C_/Users/User/.pico-sdk/sdk/2.0.0/src/rp2_common/pico_stdio_usb/reset_interface.c.obj
                0x10006eb0                tud_descriptor_bos_cb
 .text.tud_vendor_control_xfer_cb
                0x10006eb8       0x34 CMakeFiles/sistemadejogosprojeto.dir/C_/Users/User/.pico-sdk/sdk/2.0.0/src/rp2_common/pico_stdio_usb/reset_interface.c.obj
                0x10006eb8                tud_vendor_control_xfer_cb
 .text.usbd_app_driver_get_cb
                0x10006eec        0xc CMakeFiles/sistemadejogosprojeto.dir/C_/Users/User/.pico-sdk/sdk/2.0.0/src/rp2_common/pico_stdio_usb/reset_interface.c.obj
                0x10006eec                usbd_app_driver_get_cb
 .text.tud_cdc_line_coding_cb
                0x10006ef8       0x28 CMakeFiles/sistemadejogosprojeto.dir/C_/Users/User/.pico-sdk/sdk/2.0.0/src/rp2_common/pico_stdio_usb/reset_interface.c.obj
                0x10006ef8                tud_cdc_line_coding_cb
 .text.stdio_usb_set_chars_available_callback
                0x10006f20       0x14 CMakeFiles/sistemadejogosprojeto.dir/C_/Users/User/.pico-sdk/sdk/2.0.0/src/rp2_common/pico_stdio_usb/stdio_usb.c.obj
                0x10006f20                stdio_usb_set_chars_available_callback
 .text.usb_irq  0x10006f34       0x10 CMakeFiles/sistemadejogosprojeto.dir/C_/Users/User/.pico-sdk/sdk/2.0.0/src/rp2_common/pico_stdio_usb/stdio_usb.c.obj
 .text.timer_task
                0x10006f44       0x64 CMakeFiles/sistemadejogosprojeto.dir/C_/Users/User/.pico-sdk/sdk/2.0.0/src/rp2_common/pico_stdio_usb/stdio_usb.c.obj
 .text.stdio_usb_in_chars
                0x10006fa8       0x90 CMakeFiles/sistemadejogosprojeto.dir/C_/Users/User/.pico-sdk/sdk/2.0.0/src/rp2_common/pico_stdio_usb/stdio_usb.c.obj
                0x10006fa8                stdio_usb_in_chars
 .text.stdio_usb_out_flush
                0x10007038       0x50 CMakeFiles/sistemadejogosprojeto.dir/C_/Users/User/.pico-sdk/sdk/2.0.0/src/rp2_common/pico_stdio_usb/stdio_usb.c.obj
 .text.stdio_usb_out_chars
                0x10007088      0x104 CMakeFiles/sistemadejogosprojeto.dir/C_/Users/User/.pico-sdk/sdk/2.0.0/src/rp2_common/pico_stdio_usb/stdio_usb.c.obj
 .text.low_priority_worker_irq
                0x1000718c       0xcc CMakeFiles/sistemadejogosprojeto.dir/C_/Users/User/.pico-sdk/sdk/2.0.0/src/rp2_common/pico_stdio_usb/stdio_usb.c.obj
 .text.stdio_usb_init
                0x10007258       0xe8 CMakeFiles/sistemadejogosprojeto.dir/C_/Users/User/.pico-sdk/sdk/2.0.0/src/rp2_common/pico_stdio_usb/stdio_usb.c.obj
                0x10007258                stdio_usb_init
 .text.tud_descriptor_device_cb
                0x10007340        0x8 CMakeFiles/sistemadejogosprojeto.dir/C_/Users/User/.pico-sdk/sdk/2.0.0/src/rp2_common/pico_stdio_usb/stdio_usb_descriptors.c.obj
                0x10007340                tud_descriptor_device_cb
 .text.tud_descriptor_configuration_cb
                0x10007348        0x8 CMakeFiles/sistemadejogosprojeto.dir/C_/Users/User/.pico-sdk/sdk/2.0.0/src/rp2_common/pico_stdio_usb/stdio_usb_descriptors.c.obj
                0x10007348                tud_descriptor_configuration_cb
 .text.tud_descriptor_string_cb
                0x10007350       0x78 CMakeFiles/sistemadejogosprojeto.dir/C_/Users/User/.pico-sdk/sdk/2.0.0/src/rp2_common/pico_stdio_usb/stdio_usb_descriptors.c.obj
                0x10007350                tud_descriptor_string_cb
 .text.startup._retrieve_unique_id_on_boot
                0x100073c8       0x10 CMakeFiles/sistemadejogosprojeto.dir/C_/Users/User/.pico-sdk/sdk/2.0.0/src/rp2_common/pico_unique_id/unique_id.c.obj
 .text.pico_get_unique_board_id
                0x100073d8       0x10 CMakeFiles/sistemadejogosprojeto.dir/C_/Users/User/.pico-sdk/sdk/2.0.0/src/rp2_common/pico_unique_id/unique_id.c.obj
                0x100073d8                pico_get_unique_board_id
 .text.pico_get_unique_board_id_string
                0x100073e8      0x1a8 CMakeFiles/sistemadejogosprojeto.dir/C_/Users/User/.pico-sdk/sdk/2.0.0/src/rp2_common/pico_unique_id/unique_id.c.obj
                0x100073e8                pico_get_unique_board_id_string
 .text.flash_get_unique_id
                0x10007590       0x3c CMakeFiles/sistemadejogosprojeto.dir/C_/Users/User/.pico-sdk/sdk/2.0.0/src/rp2_common/hardware_flash/flash.c.obj
                0x10007590                flash_get_unique_id
 .text.dcd_init
                0x100075cc       0x8c CMakeFiles/sistemadejogosprojeto.dir/C_/Users/User/.pico-sdk/sdk/2.0.0/lib/tinyusb/src/portable/raspberrypi/rp2040/dcd_rp2040.c.obj
                0x100075cc                dcd_init
 .text.dcd_int_enable
                0x10007658        0xc CMakeFiles/sistemadejogosprojeto.dir/C_/Users/User/.pico-sdk/sdk/2.0.0/lib/tinyusb/src/portable/raspberrypi/rp2040/dcd_rp2040.c.obj
                0x10007658                dcd_int_enable
 .text.dcd_set_address
                0x10007664       0x14 CMakeFiles/sistemadejogosprojeto.dir/C_/Users/User/.pico-sdk/sdk/2.0.0/lib/tinyusb/src/portable/raspberrypi/rp2040/dcd_rp2040.c.obj
                0x10007664                dcd_set_address
 .text.dcd_sof_enable
                0x10007678       0x1c CMakeFiles/sistemadejogosprojeto.dir/C_/Users/User/.pico-sdk/sdk/2.0.0/lib/tinyusb/src/portable/raspberrypi/rp2040/dcd_rp2040.c.obj
                0x10007678                dcd_sof_enable
 .text.dcd_edpt0_status_complete
                0x10007694       0x1c CMakeFiles/sistemadejogosprojeto.dir/C_/Users/User/.pico-sdk/sdk/2.0.0/lib/tinyusb/src/portable/raspberrypi/rp2040/dcd_rp2040.c.obj
                0x10007694                dcd_edpt0_status_complete
 .text.dcd_edpt_open
                0x100076b0      0x108 CMakeFiles/sistemadejogosprojeto.dir/C_/Users/User/.pico-sdk/sdk/2.0.0/lib/tinyusb/src/portable/raspberrypi/rp2040/dcd_rp2040.c.obj
                0x100076b0                dcd_edpt_open
 .text.dcd_edpt_close_all
                0x100077b8        0x8 CMakeFiles/sistemadejogosprojeto.dir/C_/Users/User/.pico-sdk/sdk/2.0.0/lib/tinyusb/src/portable/raspberrypi/rp2040/dcd_rp2040.c.obj
                0x100077b8                dcd_edpt_close_all
 .text.dcd_edpt_xfer
                0x100077c0       0x24 CMakeFiles/sistemadejogosprojeto.dir/C_/Users/User/.pico-sdk/sdk/2.0.0/lib/tinyusb/src/portable/raspberrypi/rp2040/dcd_rp2040.c.obj
                0x100077c0                dcd_edpt_xfer
 .text.dcd_edpt_stall
                0x100077e4       0x34 CMakeFiles/sistemadejogosprojeto.dir/C_/Users/User/.pico-sdk/sdk/2.0.0/lib/tinyusb/src/portable/raspberrypi/rp2040/dcd_rp2040.c.obj
                0x100077e4                dcd_edpt_stall
 .text.dcd_edpt_clear_stall
                0x10007818       0x30 CMakeFiles/sistemadejogosprojeto.dir/C_/Users/User/.pico-sdk/sdk/2.0.0/lib/tinyusb/src/portable/raspberrypi/rp2040/dcd_rp2040.c.obj
                0x10007818                dcd_edpt_clear_stall
 .text.rp2040_usb_init
                0x10007848       0x40 CMakeFiles/sistemadejogosprojeto.dir/C_/Users/User/.pico-sdk/sdk/2.0.0/lib/tinyusb/src/portable/raspberrypi/rp2040/rp2040_usb.c.obj
                0x10007848                rp2040_usb_init
 .text.hw_endpoint_xfer_start
                0x10007888       0x40 CMakeFiles/sistemadejogosprojeto.dir/C_/Users/User/.pico-sdk/sdk/2.0.0/lib/tinyusb/src/portable/raspberrypi/rp2040/rp2040_usb.c.obj
                0x10007888                hw_endpoint_xfer_start
 .text.tud_event_hook_cb
                0x100078c8        0x4 CMakeFiles/sistemadejogosprojeto.dir/C_/Users/User/.pico-sdk/sdk/2.0.0/lib/tinyusb/src/device/usbd.c.obj
                0x100078c8                tud_event_hook_cb
 .text.tud_sof_cb
                0x100078cc        0x4 CMakeFiles/sistemadejogosprojeto.dir/C_/Users/User/.pico-sdk/sdk/2.0.0/lib/tinyusb/src/device/usbd.c.obj
                0x100078cc                tud_sof_cb
 .text.tud_descriptor_device_qualifier_cb
                0x100078d0        0x4 CMakeFiles/sistemadejogosprojeto.dir/C_/Users/User/.pico-sdk/sdk/2.0.0/lib/tinyusb/src/device/usbd.c.obj
                0x100078d0                tud_descriptor_device_qualifier_cb
 .text.tud_descriptor_other_speed_configuration_cb
                0x100078d4        0x4 CMakeFiles/sistemadejogosprojeto.dir/C_/Users/User/.pico-sdk/sdk/2.0.0/lib/tinyusb/src/device/usbd.c.obj
                0x100078d4                tud_descriptor_other_speed_configuration_cb
 .text.tud_mount_cb
                0x100078d8        0x4 CMakeFiles/sistemadejogosprojeto.dir/C_/Users/User/.pico-sdk/sdk/2.0.0/lib/tinyusb/src/device/usbd.c.obj
                0x100078d8                tud_mount_cb
 .text.tud_umount_cb
                0x100078dc        0x4 CMakeFiles/sistemadejogosprojeto.dir/C_/Users/User/.pico-sdk/sdk/2.0.0/lib/tinyusb/src/device/usbd.c.obj
                0x100078dc                tud_umount_cb
 .text.tud_suspend_cb
                0x100078e0        0x4 CMakeFiles/sistemadejogosprojeto.dir/C_/Users/User/.pico-sdk/sdk/2.0.0/lib/tinyusb/src/device/usbd.c.obj
                0x100078e0                tud_suspend_cb
 .text.tud_resume_cb
                0x100078e4        0x4 CMakeFiles/sistemadejogosprojeto.dir/C_/Users/User/.pico-sdk/sdk/2.0.0/lib/tinyusb/src/device/usbd.c.obj
                0x100078e4                tud_resume_cb
 .text.tud_mounted
                0x100078e8       0x10 CMakeFiles/sistemadejogosprojeto.dir/C_/Users/User/.pico-sdk/sdk/2.0.0/lib/tinyusb/src/device/usbd.c.obj
                0x100078e8                tud_mounted
 .text.tud_suspended
                0x100078f8       0x10 CMakeFiles/sistemadejogosprojeto.dir/C_/Users/User/.pico-sdk/sdk/2.0.0/lib/tinyusb/src/device/usbd.c.obj
                0x100078f8                tud_suspended
 .text.tud_init
                0x10007908       0xe4 CMakeFiles/sistemadejogosprojeto.dir/C_/Users/User/.pico-sdk/sdk/2.0.0/lib/tinyusb/src/device/usbd.c.obj
                0x10007908                tud_init
 .text.tud_task_ext
                0x100079ec      0x800 CMakeFiles/sistemadejogosprojeto.dir/C_/Users/User/.pico-sdk/sdk/2.0.0/lib/tinyusb/src/device/usbd.c.obj
                0x100079ec                tud_task_ext
 .text.usbd_open_edpt_pair
                0x100081ec       0x9c CMakeFiles/sistemadejogosprojeto.dir/C_/Users/User/.pico-sdk/sdk/2.0.0/lib/tinyusb/src/device/usbd.c.obj
                0x100081ec                usbd_open_edpt_pair
 .text.usbd_edpt_open
                0x10008288       0x34 CMakeFiles/sistemadejogosprojeto.dir/C_/Users/User/.pico-sdk/sdk/2.0.0/lib/tinyusb/src/device/usbd.c.obj
                0x10008288                usbd_edpt_open
 .text.usbd_edpt_claim
                0x100082bc       0x28 CMakeFiles/sistemadejogosprojeto.dir/C_/Users/User/.pico-sdk/sdk/2.0.0/lib/tinyusb/src/device/usbd.c.obj
                0x100082bc                usbd_edpt_claim
 .text.usbd_edpt_release
                0x100082e4       0x28 CMakeFiles/sistemadejogosprojeto.dir/C_/Users/User/.pico-sdk/sdk/2.0.0/lib/tinyusb/src/device/usbd.c.obj
                0x100082e4                usbd_edpt_release
 .text.usbd_edpt_xfer
                0x1000830c       0x4c CMakeFiles/sistemadejogosprojeto.dir/C_/Users/User/.pico-sdk/sdk/2.0.0/lib/tinyusb/src/device/usbd.c.obj
                0x1000830c                usbd_edpt_xfer
 .text.tud_control_status
                0x10008358       0x2c CMakeFiles/sistemadejogosprojeto.dir/C_/Users/User/.pico-sdk/sdk/2.0.0/lib/tinyusb/src/device/usbd_control.c.obj
                0x10008358                tud_control_status
 .text.tud_control_xfer
                0x10008384       0xac CMakeFiles/sistemadejogosprojeto.dir/C_/Users/User/.pico-sdk/sdk/2.0.0/lib/tinyusb/src/device/usbd_control.c.obj
                0x10008384                tud_control_xfer
 .text.usbd_control_reset
                0x10008430       0x14 CMakeFiles/sistemadejogosprojeto.dir/C_/Users/User/.pico-sdk/sdk/2.0.0/lib/tinyusb/src/device/usbd_control.c.obj
                0x10008430                usbd_control_reset
 .text.usbd_control_set_complete_callback
                0x10008444        0xc CMakeFiles/sistemadejogosprojeto.dir/C_/Users/User/.pico-sdk/sdk/2.0.0/lib/tinyusb/src/device/usbd_control.c.obj
                0x10008444                usbd_control_set_complete_callback
 .text.usbd_control_set_request
                0x10008450       0x1c CMakeFiles/sistemadejogosprojeto.dir/C_/Users/User/.pico-sdk/sdk/2.0.0/lib/tinyusb/src/device/usbd_control.c.obj
                0x10008450                usbd_control_set_request
 .text.usbd_control_xfer_cb
                0x1000846c       0xec CMakeFiles/sistemadejogosprojeto.dir/C_/Users/User/.pico-sdk/sdk/2.0.0/lib/tinyusb/src/device/usbd_control.c.obj
                0x1000846c                usbd_control_xfer_cb
 .text._prep_out_transaction.isra.0
                0x10008558       0x5c CMakeFiles/sistemadejogosprojeto.dir/C_/Users/User/.pico-sdk/sdk/2.0.0/lib/tinyusb/src/class/cdc/cdc_device.c.obj
 .text.tud_cdc_n_connected
                0x100085b4       0x30 CMakeFiles/sistemadejogosprojeto.dir/C_/Users/User/.pico-sdk/sdk/2.0.0/lib/tinyusb/src/class/cdc/cdc_device.c.obj
                0x100085b4                tud_cdc_n_connected
 .text.tud_cdc_n_available
                0x100085e4       0x18 CMakeFiles/sistemadejogosprojeto.dir/C_/Users/User/.pico-sdk/sdk/2.0.0/lib/tinyusb/src/class/cdc/cdc_device.c.obj
                0x100085e4                tud_cdc_n_available
 .text.tud_cdc_n_read
                0x100085fc       0x98 CMakeFiles/sistemadejogosprojeto.dir/C_/Users/User/.pico-sdk/sdk/2.0.0/lib/tinyusb/src/class/cdc/cdc_device.c.obj
                0x100085fc                tud_cdc_n_read
 .text.tud_cdc_n_write_flush
                0x10008694       0x78 CMakeFiles/sistemadejogosprojeto.dir/C_/Users/User/.pico-sdk/sdk/2.0.0/lib/tinyusb/src/class/cdc/cdc_device.c.obj
                0x10008694                tud_cdc_n_write_flush
 .text.tud_cdc_n_write
                0x1000870c       0x40 CMakeFiles/sistemadejogosprojeto.dir/C_/Users/User/.pico-sdk/sdk/2.0.0/lib/tinyusb/src/class/cdc/cdc_device.c.obj
                0x1000870c                tud_cdc_n_write
 .text.tud_cdc_n_write_available
                0x1000874c       0x18 CMakeFiles/sistemadejogosprojeto.dir/C_/Users/User/.pico-sdk/sdk/2.0.0/lib/tinyusb/src/class/cdc/cdc_device.c.obj
                0x1000874c                tud_cdc_n_write_available
 .text.cdcd_init
                0x10008764       0x7c CMakeFiles/sistemadejogosprojeto.dir/C_/Users/User/.pico-sdk/sdk/2.0.0/lib/tinyusb/src/class/cdc/cdc_device.c.obj
                0x10008764                cdcd_init
 .text.cdcd_deinit
                0x100087e0       0x34 CMakeFiles/sistemadejogosprojeto.dir/C_/Users/User/.pico-sdk/sdk/2.0.0/lib/tinyusb/src/class/cdc/cdc_device.c.obj
                0x100087e0                cdcd_deinit
 .text.cdcd_reset
                0x10008814       0x4c CMakeFiles/sistemadejogosprojeto.dir/C_/Users/User/.pico-sdk/sdk/2.0.0/lib/tinyusb/src/class/cdc/cdc_device.c.obj
                0x10008814                cdcd_reset
 .text.cdcd_open
                0x10008860       0xb0 CMakeFiles/sistemadejogosprojeto.dir/C_/Users/User/.pico-sdk/sdk/2.0.0/lib/tinyusb/src/class/cdc/cdc_device.c.obj
                0x10008860                cdcd_open
 .text.cdcd_control_xfer_cb
                0x10008910       0xe4 CMakeFiles/sistemadejogosprojeto.dir/C_/Users/User/.pico-sdk/sdk/2.0.0/lib/tinyusb/src/class/cdc/cdc_device.c.obj
                0x10008910                cdcd_control_xfer_cb
 .text.cdcd_xfer_cb
                0x100089f4      0x100 CMakeFiles/sistemadejogosprojeto.dir/C_/Users/User/.pico-sdk/sdk/2.0.0/lib/tinyusb/src/class/cdc/cdc_device.c.obj
                0x100089f4                cdcd_xfer_cb
 .text.tud_vendor_n_write_flush
                0x10008af4       0x78 CMakeFiles/sistemadejogosprojeto.dir/C_/Users/User/.pico-sdk/sdk/2.0.0/lib/tinyusb/src/class/vendor/vendor_device.c.obj
                0x10008af4                tud_vendor_n_write_flush
 .text.vendord_init
                0x10008b6c       0x64 CMakeFiles/sistemadejogosprojeto.dir/C_/Users/User/.pico-sdk/sdk/2.0.0/lib/tinyusb/src/class/vendor/vendor_device.c.obj
                0x10008b6c                vendord_init
 .text.vendord_deinit
                0x10008bd0       0x34 CMakeFiles/sistemadejogosprojeto.dir/C_/Users/User/.pico-sdk/sdk/2.0.0/lib/tinyusb/src/class/vendor/vendor_device.c.obj
                0x10008bd0                vendord_deinit
 .text.vendord_reset
                0x10008c04       0x1c CMakeFiles/sistemadejogosprojeto.dir/C_/Users/User/.pico-sdk/sdk/2.0.0/lib/tinyusb/src/class/vendor/vendor_device.c.obj
                0x10008c04                vendord_reset
 .text.vendord_open
                0x10008c20       0xd8 CMakeFiles/sistemadejogosprojeto.dir/C_/Users/User/.pico-sdk/sdk/2.0.0/lib/tinyusb/src/class/vendor/vendor_device.c.obj
                0x10008c20                vendord_open
 .text.vendord_xfer_cb
                0x10008cf8       0xc8 CMakeFiles/sistemadejogosprojeto.dir/C_/Users/User/.pico-sdk/sdk/2.0.0/lib/tinyusb/src/class/vendor/vendor_device.c.obj
                0x10008cf8                vendord_xfer_cb
 .text.tusb_init
                0x10008dc0        0xc CMakeFiles/sistemadejogosprojeto.dir/C_/Users/User/.pico-sdk/sdk/2.0.0/lib/tinyusb/src/tusb.c.obj
                0x10008dc0                tusb_init
 .text.tu_edpt_claim
                0x10008dcc       0x50 CMakeFiles/sistemadejogosprojeto.dir/C_/Users/User/.pico-sdk/sdk/2.0.0/lib/tinyusb/src/tusb.c.obj
                0x10008dcc                tu_edpt_claim
 .text.tu_edpt_release
                0x10008e1c       0x38 CMakeFiles/sistemadejogosprojeto.dir/C_/Users/User/.pico-sdk/sdk/2.0.0/lib/tinyusb/src/tusb.c.obj
                0x10008e1c                tu_edpt_release
 .text.tu_edpt_validate
                0x10008e54       0x7c CMakeFiles/sistemadejogosprojeto.dir/C_/Users/User/.pico-sdk/sdk/2.0.0/lib/tinyusb/src/tusb.c.obj
                0x10008e54                tu_edpt_validate
 .text.tu_edpt_bind_driver
                0x10008ed0       0x34 CMakeFiles/sistemadejogosprojeto.dir/C_/Users/User/.pico-sdk/sdk/2.0.0/lib/tinyusb/src/tusb.c.obj
                0x10008ed0                tu_edpt_bind_driver
 .text.tu_fifo_config
                0x10008f04       0x6c CMakeFiles/sistemadejogosprojeto.dir/C_/Users/User/.pico-sdk/sdk/2.0.0/lib/tinyusb/src/common/tusb_fifo.c.obj
                0x10008f04                tu_fifo_config
 .text.tu_fifo_count
                0x10008f70       0x2c CMakeFiles/sistemadejogosprojeto.dir/C_/Users/User/.pico-sdk/sdk/2.0.0/lib/tinyusb/src/common/tusb_fifo.c.obj
                0x10008f70                tu_fifo_count
 .text.tu_fifo_empty
                0x10008f9c       0x10 CMakeFiles/sistemadejogosprojeto.dir/C_/Users/User/.pico-sdk/sdk/2.0.0/lib/tinyusb/src/common/tusb_fifo.c.obj
                0x10008f9c                tu_fifo_empty
 .text.tu_fifo_remaining
                0x10008fac       0x2c CMakeFiles/sistemadejogosprojeto.dir/C_/Users/User/.pico-sdk/sdk/2.0.0/lib/tinyusb/src/common/tusb_fifo.c.obj
                0x10008fac                tu_fifo_remaining
 .text.tu_fifo_read
                0x10008fd8       0x9c CMakeFiles/sistemadejogosprojeto.dir/C_/Users/User/.pico-sdk/sdk/2.0.0/lib/tinyusb/src/common/tusb_fifo.c.obj
                0x10008fd8                tu_fifo_read
 .text.tu_fifo_read_n
                0x10009074       0xe8 CMakeFiles/sistemadejogosprojeto.dir/C_/Users/User/.pico-sdk/sdk/2.0.0/lib/tinyusb/src/common/tusb_fifo.c.obj
                0x10009074                tu_fifo_read_n
 .text.tu_fifo_write
                0x1000915c       0xa8 CMakeFiles/sistemadejogosprojeto.dir/C_/Users/User/.pico-sdk/sdk/2.0.0/lib/tinyusb/src/common/tusb_fifo.c.obj
                0x1000915c                tu_fifo_write
 .text.tu_fifo_write_n
                0x10009204      0x178 CMakeFiles/sistemadejogosprojeto.dir/C_/Users/User/.pico-sdk/sdk/2.0.0/lib/tinyusb/src/common/tusb_fifo.c.obj
                0x10009204                tu_fifo_write_n
 .text.tu_fifo_clear
                0x1000937c       0x40 CMakeFiles/sistemadejogosprojeto.dir/C_/Users/User/.pico-sdk/sdk/2.0.0/lib/tinyusb/src/common/tusb_fifo.c.obj
                0x1000937c                tu_fifo_clear
 .text.tu_fifo_set_overwritable
                0x100093bc       0x48 CMakeFiles/sistemadejogosprojeto.dir/C_/Users/User/.pico-sdk/sdk/2.0.0/lib/tinyusb/src/common/tusb_fifo.c.obj
                0x100093bc                tu_fifo_set_overwritable
 .text.adc_init
                0x10009404       0x38 CMakeFiles/sistemadejogosprojeto.dir/C_/Users/User/.pico-sdk/sdk/2.0.0/src/rp2_common/hardware_adc/adc.c.obj
                0x10009404                adc_init
 .text.i2c_deinit
                0x1000943c       0x1c CMakeFiles/sistemadejogosprojeto.dir/C_/Users/User/.pico-sdk/sdk/2.0.0/src/rp2_common/hardware_i2c/i2c.c.obj
                0x1000943c                i2c_deinit
 .text.i2c_set_baudrate
                0x10009458       0xc0 CMakeFiles/sistemadejogosprojeto.dir/C_/Users/User/.pico-sdk/sdk/2.0.0/src/rp2_common/hardware_i2c/i2c.c.obj
                0x10009458                i2c_set_baudrate
 .text.i2c_init
                0x10009518       0x50 CMakeFiles/sistemadejogosprojeto.dir/C_/Users/User/.pico-sdk/sdk/2.0.0/src/rp2_common/hardware_i2c/i2c.c.obj
                0x10009518                i2c_init
 .text.i2c_write_blocking
                0x10009568       0xd0 CMakeFiles/sistemadejogosprojeto.dir/C_/Users/User/.pico-sdk/sdk/2.0.0/src/rp2_common/hardware_i2c/i2c.c.obj
                0x10009568                i2c_write_blocking
 .text.lwip_init
                0x10009638       0x1c CMakeFiles/sistemadejogosprojeto.dir/C_/Users/User/.pico-sdk/sdk/2.0.0/lib/lwip/src/core/init.c.obj
                0x10009638                lwip_init
 .text.lwip_htons
                0x10009654        0x8 CMakeFiles/sistemadejogosprojeto.dir/C_/Users/User/.pico-sdk/sdk/2.0.0/lib/lwip/src/core/def.c.obj
                0x10009654                lwip_htons
 .text.lwip_htonl
                0x1000965c        0x4 CMakeFiles/sistemadejogosprojeto.dir/C_/Users/User/.pico-sdk/sdk/2.0.0/lib/lwip/src/core/def.c.obj
                0x1000965c                lwip_htonl
 .text.lwip_standard_chksum
                0x10009660       0x88 CMakeFiles/sistemadejogosprojeto.dir/C_/Users/User/.pico-sdk/sdk/2.0.0/lib/lwip/src/core/inet_chksum.c.obj
                0x10009660                lwip_standard_chksum
 .text.inet_chksum_pseudo
                0x100096e8       0xbc CMakeFiles/sistemadejogosprojeto.dir/C_/Users/User/.pico-sdk/sdk/2.0.0/lib/lwip/src/core/inet_chksum.c.obj
                0x100096e8                inet_chksum_pseudo
 .text.ip_chksum_pseudo
                0x100097a4       0x10 CMakeFiles/sistemadejogosprojeto.dir/C_/Users/User/.pico-sdk/sdk/2.0.0/lib/lwip/src/core/inet_chksum.c.obj
                0x100097a4                ip_chksum_pseudo
 .text.inet_chksum
                0x100097b4       0x8c CMakeFiles/sistemadejogosprojeto.dir/C_/Users/User/.pico-sdk/sdk/2.0.0/lib/lwip/src/core/inet_chksum.c.obj
                0x100097b4                inet_chksum
 .text.inet_chksum_pbuf
                0x10009840       0x78 CMakeFiles/sistemadejogosprojeto.dir/C_/Users/User/.pico-sdk/sdk/2.0.0/lib/lwip/src/core/inet_chksum.c.obj
                0x10009840                inet_chksum_pbuf
 .text.mem_init
                0x100098b8       0x3c CMakeFiles/sistemadejogosprojeto.dir/C_/Users/User/.pico-sdk/sdk/2.0.0/lib/lwip/src/core/mem.c.obj
                0x100098b8                mem_init
 .text.mem_free
                0x100098f4      0x130 CMakeFiles/sistemadejogosprojeto.dir/C_/Users/User/.pico-sdk/sdk/2.0.0/lib/lwip/src/core/mem.c.obj
                0x100098f4                mem_free
 .text.mem_trim
                0x10009a24      0x104 CMakeFiles/sistemadejogosprojeto.dir/C_/Users/User/.pico-sdk/sdk/2.0.0/lib/lwip/src/core/mem.c.obj
                0x10009a24                mem_trim
 .text.mem_malloc
                0x10009b28      0x124 CMakeFiles/sistemadejogosprojeto.dir/C_/Users/User/.pico-sdk/sdk/2.0.0/lib/lwip/src/core/mem.c.obj
                0x10009b28                mem_malloc
 .text.memp_init
                0x10009c4c       0x6c CMakeFiles/sistemadejogosprojeto.dir/C_/Users/User/.pico-sdk/sdk/2.0.0/lib/lwip/src/core/memp.c.obj
                0x10009c4c                memp_init
 .text.memp_malloc
                0x10009cb8       0x40 CMakeFiles/sistemadejogosprojeto.dir/C_/Users/User/.pico-sdk/sdk/2.0.0/lib/lwip/src/core/memp.c.obj
                0x10009cb8                memp_malloc
 .text.memp_free
                0x10009cf8       0x38 CMakeFiles/sistemadejogosprojeto.dir/C_/Users/User/.pico-sdk/sdk/2.0.0/lib/lwip/src/core/memp.c.obj
                0x10009cf8                memp_free
 .text.netif_null_output_ip4
                0x10009d30        0x8 CMakeFiles/sistemadejogosprojeto.dir/C_/Users/User/.pico-sdk/sdk/2.0.0/lib/lwip/src/core/netif.c.obj
 .text.netif_init
                0x10009d38        0x4 CMakeFiles/sistemadejogosprojeto.dir/C_/Users/User/.pico-sdk/sdk/2.0.0/lib/lwip/src/core/netif.c.obj
                0x10009d38                netif_init
 .text.netif_set_addr
                0x10009d3c       0xbc CMakeFiles/sistemadejogosprojeto.dir/C_/Users/User/.pico-sdk/sdk/2.0.0/lib/lwip/src/core/netif.c.obj
                0x10009d3c                netif_set_addr
 .text.netif_add
                0x10009df8      0x130 CMakeFiles/sistemadejogosprojeto.dir/C_/Users/User/.pico-sdk/sdk/2.0.0/lib/lwip/src/core/netif.c.obj
                0x10009df8                netif_add
 .text.netif_remove
                0x10009f28       0x88 CMakeFiles/sistemadejogosprojeto.dir/C_/Users/User/.pico-sdk/sdk/2.0.0/lib/lwip/src/core/netif.c.obj
                0x10009f28                netif_remove
 .text.netif_set_default
                0x10009fb0        0xc CMakeFiles/sistemadejogosprojeto.dir/C_/Users/User/.pico-sdk/sdk/2.0.0/lib/lwip/src/core/netif.c.obj
                0x10009fb0                netif_set_default
 .text.netif_set_up
                0x10009fbc       0x14 CMakeFiles/sistemadejogosprojeto.dir/C_/Users/User/.pico-sdk/sdk/2.0.0/lib/lwip/src/core/netif.c.obj
                0x10009fbc                netif_set_up
 .text.netif_set_link_up
                0x10009fd0       0x1c CMakeFiles/sistemadejogosprojeto.dir/C_/Users/User/.pico-sdk/sdk/2.0.0/lib/lwip/src/core/netif.c.obj
                0x10009fd0                netif_set_link_up
 .text.netif_set_link_down
                0x10009fec       0x1c CMakeFiles/sistemadejogosprojeto.dir/C_/Users/User/.pico-sdk/sdk/2.0.0/lib/lwip/src/core/netif.c.obj
                0x10009fec                netif_set_link_down
 .text.netif_get_by_index
                0x1000a008       0x2c CMakeFiles/sistemadejogosprojeto.dir/C_/Users/User/.pico-sdk/sdk/2.0.0/lib/lwip/src/core/netif.c.obj
                0x1000a008                netif_get_by_index
 .text.pbuf_free.part.0
                0x1000a034       0xa4 CMakeFiles/sistemadejogosprojeto.dir/C_/Users/User/.pico-sdk/sdk/2.0.0/lib/lwip/src/core/pbuf.c.obj
 .text.pbuf_free_ooseq
                0x1000a0d8       0x34 CMakeFiles/sistemadejogosprojeto.dir/C_/Users/User/.pico-sdk/sdk/2.0.0/lib/lwip/src/core/pbuf.c.obj
                0x1000a0d8                pbuf_free_ooseq
 .text.pbuf_alloc
                0x1000a10c      0x134 CMakeFiles/sistemadejogosprojeto.dir/C_/Users/User/.pico-sdk/sdk/2.0.0/lib/lwip/src/core/pbuf.c.obj
                0x1000a10c                pbuf_alloc
 .text.pbuf_alloced_custom
                0x1000a240       0x38 CMakeFiles/sistemadejogosprojeto.dir/C_/Users/User/.pico-sdk/sdk/2.0.0/lib/lwip/src/core/pbuf.c.obj
                0x1000a240                pbuf_alloced_custom
 .text.pbuf_realloc
                0x1000a278       0x8c CMakeFiles/sistemadejogosprojeto.dir/C_/Users/User/.pico-sdk/sdk/2.0.0/lib/lwip/src/core/pbuf.c.obj
                0x1000a278                pbuf_realloc
 .text.pbuf_add_header
                0x1000a304       0x50 CMakeFiles/sistemadejogosprojeto.dir/C_/Users/User/.pico-sdk/sdk/2.0.0/lib/lwip/src/core/pbuf.c.obj
                0x1000a304                pbuf_add_header
 .text.pbuf_remove_header
                0x1000a354       0x3c CMakeFiles/sistemadejogosprojeto.dir/C_/Users/User/.pico-sdk/sdk/2.0.0/lib/lwip/src/core/pbuf.c.obj
                0x1000a354                pbuf_remove_header
 .text.pbuf_header_force
                0x1000a390       0x68 CMakeFiles/sistemadejogosprojeto.dir/C_/Users/User/.pico-sdk/sdk/2.0.0/lib/lwip/src/core/pbuf.c.obj
                0x1000a390                pbuf_header_force
 .text.pbuf_free
                0x1000a3f8       0x18 CMakeFiles/sistemadejogosprojeto.dir/C_/Users/User/.pico-sdk/sdk/2.0.0/lib/lwip/src/core/pbuf.c.obj
                0x1000a3f8                pbuf_free
 .text.pbuf_clen
                0x1000a410       0x14 CMakeFiles/sistemadejogosprojeto.dir/C_/Users/User/.pico-sdk/sdk/2.0.0/lib/lwip/src/core/pbuf.c.obj
                0x1000a410                pbuf_clen
 .text.pbuf_ref
                0x1000a424       0x28 CMakeFiles/sistemadejogosprojeto.dir/C_/Users/User/.pico-sdk/sdk/2.0.0/lib/lwip/src/core/pbuf.c.obj
                0x1000a424                pbuf_ref
 .text.pbuf_cat
                0x1000a44c       0x44 CMakeFiles/sistemadejogosprojeto.dir/C_/Users/User/.pico-sdk/sdk/2.0.0/lib/lwip/src/core/pbuf.c.obj
                0x1000a44c                pbuf_cat
 .text.pbuf_chain
                0x1000a490       0x64 CMakeFiles/sistemadejogosprojeto.dir/C_/Users/User/.pico-sdk/sdk/2.0.0/lib/lwip/src/core/pbuf.c.obj
                0x1000a490                pbuf_chain
 .text.pbuf_copy_partial_pbuf
                0x1000a4f4      0x148 CMakeFiles/sistemadejogosprojeto.dir/C_/Users/User/.pico-sdk/sdk/2.0.0/lib/lwip/src/core/pbuf.c.obj
                0x1000a4f4                pbuf_copy_partial_pbuf
 .text.pbuf_copy
                0x1000a63c       0x18 CMakeFiles/sistemadejogosprojeto.dir/C_/Users/User/.pico-sdk/sdk/2.0.0/lib/lwip/src/core/pbuf.c.obj
                0x1000a63c                pbuf_copy
 .text.pbuf_copy_partial
                0x1000a654       0x68 CMakeFiles/sistemadejogosprojeto.dir/C_/Users/User/.pico-sdk/sdk/2.0.0/lib/lwip/src/core/pbuf.c.obj
                0x1000a654                pbuf_copy_partial
 .text.pbuf_take
                0x1000a6bc       0x78 CMakeFiles/sistemadejogosprojeto.dir/C_/Users/User/.pico-sdk/sdk/2.0.0/lib/lwip/src/core/pbuf.c.obj
                0x1000a6bc                pbuf_take
 .text.pbuf_clone
                0x1000a734       0x30 CMakeFiles/sistemadejogosprojeto.dir/C_/Users/User/.pico-sdk/sdk/2.0.0/lib/lwip/src/core/pbuf.c.obj
                0x1000a734                pbuf_clone
 .text.raw_input
                0x1000a764      0x164 CMakeFiles/sistemadejogosprojeto.dir/C_/Users/User/.pico-sdk/sdk/2.0.0/lib/lwip/src/core/raw.c.obj
                0x1000a764                raw_input
 .text.raw_netif_ip_addr_changed
                0x1000a8c8       0x40 CMakeFiles/sistemadejogosprojeto.dir/C_/Users/User/.pico-sdk/sdk/2.0.0/lib/lwip/src/core/raw.c.obj
                0x1000a8c8                raw_netif_ip_addr_changed
 .text.tcp_close_shutdown_fin
                0x1000a908       0x54 CMakeFiles/sistemadejogosprojeto.dir/C_/Users/User/.pico-sdk/sdk/2.0.0/lib/lwip/src/core/tcp.c.obj
 .text.tcp_pcb_purge.part.0
                0x1000a95c       0xc4 CMakeFiles/sistemadejogosprojeto.dir/C_/Users/User/.pico-sdk/sdk/2.0.0/lib/lwip/src/core/tcp.c.obj
 .text.tcp_init
                0x1000aa20       0x20 CMakeFiles/sistemadejogosprojeto.dir/C_/Users/User/.pico-sdk/sdk/2.0.0/lib/lwip/src/core/tcp.c.obj
                0x1000aa20                tcp_init
 .text.tcp_free
                0x1000aa40       0x1c CMakeFiles/sistemadejogosprojeto.dir/C_/Users/User/.pico-sdk/sdk/2.0.0/lib/lwip/src/core/tcp.c.obj
                0x1000aa40                tcp_free
 .text.tcp_bind
                0x1000aa5c       0xf4 CMakeFiles/sistemadejogosprojeto.dir/C_/Users/User/.pico-sdk/sdk/2.0.0/lib/lwip/src/core/tcp.c.obj
                0x1000aa5c                tcp_bind
 .text.tcp_listen_with_backlog
                0x1000ab50       0x98 CMakeFiles/sistemadejogosprojeto.dir/C_/Users/User/.pico-sdk/sdk/2.0.0/lib/lwip/src/core/tcp.c.obj
                0x1000ab50                tcp_listen_with_backlog
 .text.tcp_update_rcv_ann_wnd
                0x1000abe8       0x58 CMakeFiles/sistemadejogosprojeto.dir/C_/Users/User/.pico-sdk/sdk/2.0.0/lib/lwip/src/core/tcp.c.obj
                0x1000abe8                tcp_update_rcv_ann_wnd
 .text.tcp_recved
                0x1000ac40       0x98 CMakeFiles/sistemadejogosprojeto.dir/C_/Users/User/.pico-sdk/sdk/2.0.0/lib/lwip/src/core/tcp.c.obj
                0x1000ac40                tcp_recved
 .text.tcp_slowtmr
                0x1000acd8      0x520 CMakeFiles/sistemadejogosprojeto.dir/C_/Users/User/.pico-sdk/sdk/2.0.0/lib/lwip/src/core/tcp.c.obj
                0x1000acd8                tcp_slowtmr
 .text.tcp_segs_free
                0x1000b1f8       0x38 CMakeFiles/sistemadejogosprojeto.dir/C_/Users/User/.pico-sdk/sdk/2.0.0/lib/lwip/src/core/tcp.c.obj
                0x1000b1f8                tcp_segs_free
 .text.tcp_seg_free
                0x1000b230       0x1c CMakeFiles/sistemadejogosprojeto.dir/C_/Users/User/.pico-sdk/sdk/2.0.0/lib/lwip/src/core/tcp.c.obj
                0x1000b230                tcp_seg_free
 .text.tcp_seg_copy
                0x1000b24c       0x2c CMakeFiles/sistemadejogosprojeto.dir/C_/Users/User/.pico-sdk/sdk/2.0.0/lib/lwip/src/core/tcp.c.obj
                0x1000b24c                tcp_seg_copy
 .text.tcp_arg  0x1000b278        0x8 CMakeFiles/sistemadejogosprojeto.dir/C_/Users/User/.pico-sdk/sdk/2.0.0/lib/lwip/src/core/tcp.c.obj
                0x1000b278                tcp_arg
 .text.tcp_recv
                0x1000b280       0x1c CMakeFiles/sistemadejogosprojeto.dir/C_/Users/User/.pico-sdk/sdk/2.0.0/lib/lwip/src/core/tcp.c.obj
                0x1000b280                tcp_recv
 .text.tcp_sent
                0x1000b29c       0x1c CMakeFiles/sistemadejogosprojeto.dir/C_/Users/User/.pico-sdk/sdk/2.0.0/lib/lwip/src/core/tcp.c.obj
                0x1000b29c                tcp_sent
 .text.tcp_accept
                0x1000b2b8       0x10 CMakeFiles/sistemadejogosprojeto.dir/C_/Users/User/.pico-sdk/sdk/2.0.0/lib/lwip/src/core/tcp.c.obj
                0x1000b2b8                tcp_accept
 .text.tcp_pcb_purge
                0x1000b2c8       0x18 CMakeFiles/sistemadejogosprojeto.dir/C_/Users/User/.pico-sdk/sdk/2.0.0/lib/lwip/src/core/tcp.c.obj
                0x1000b2c8                tcp_pcb_purge
 .text.tcp_pcb_remove
                0x1000b2e0       0xc8 CMakeFiles/sistemadejogosprojeto.dir/C_/Users/User/.pico-sdk/sdk/2.0.0/lib/lwip/src/core/tcp.c.obj
                0x1000b2e0                tcp_pcb_remove
 .text.tcp_abandon
                0x1000b3a8      0x1a0 CMakeFiles/sistemadejogosprojeto.dir/C_/Users/User/.pico-sdk/sdk/2.0.0/lib/lwip/src/core/tcp.c.obj
                0x1000b3a8                tcp_abandon
 .text.tcp_abort
                0x1000b548        0xc CMakeFiles/sistemadejogosprojeto.dir/C_/Users/User/.pico-sdk/sdk/2.0.0/lib/lwip/src/core/tcp.c.obj
                0x1000b548                tcp_abort
 .text.tcp_accept_null
                0x1000b554       0x20 CMakeFiles/sistemadejogosprojeto.dir/C_/Users/User/.pico-sdk/sdk/2.0.0/lib/lwip/src/core/tcp.c.obj
 .text.tcp_alloc
                0x1000b574      0x1c4 CMakeFiles/sistemadejogosprojeto.dir/C_/Users/User/.pico-sdk/sdk/2.0.0/lib/lwip/src/core/tcp.c.obj
                0x1000b574                tcp_alloc
 .text.tcp_new  0x1000b738        0xc CMakeFiles/sistemadejogosprojeto.dir/C_/Users/User/.pico-sdk/sdk/2.0.0/lib/lwip/src/core/tcp.c.obj
                0x1000b738                tcp_new
 .text.tcp_close_shutdown
                0x1000b744      0x188 CMakeFiles/sistemadejogosprojeto.dir/C_/Users/User/.pico-sdk/sdk/2.0.0/lib/lwip/src/core/tcp.c.obj
 .text.tcp_recv_null
                0x1000b8cc       0xcc CMakeFiles/sistemadejogosprojeto.dir/C_/Users/User/.pico-sdk/sdk/2.0.0/lib/lwip/src/core/tcp.c.obj
                0x1000b8cc                tcp_recv_null
 .text.tcp_process_refused_data
                0x1000b998       0x78 CMakeFiles/sistemadejogosprojeto.dir/C_/Users/User/.pico-sdk/sdk/2.0.0/lib/lwip/src/core/tcp.c.obj
                0x1000b998                tcp_process_refused_data
 .text.tcp_fasttmr
                0x1000ba10       0x98 CMakeFiles/sistemadejogosprojeto.dir/C_/Users/User/.pico-sdk/sdk/2.0.0/lib/lwip/src/core/tcp.c.obj
                0x1000ba10                tcp_fasttmr
 .text.tcp_tmr  0x1000baa8       0x20 CMakeFiles/sistemadejogosprojeto.dir/C_/Users/User/.pico-sdk/sdk/2.0.0/lib/lwip/src/core/tcp.c.obj
                0x1000baa8                tcp_tmr
 .text.tcp_close
                0x1000bac8      0x170 CMakeFiles/sistemadejogosprojeto.dir/C_/Users/User/.pico-sdk/sdk/2.0.0/lib/lwip/src/core/tcp.c.obj
                0x1000bac8                tcp_close
 .text.tcp_next_iss
                0x1000bc38       0x28 CMakeFiles/sistemadejogosprojeto.dir/C_/Users/User/.pico-sdk/sdk/2.0.0/lib/lwip/src/core/tcp.c.obj
                0x1000bc38                tcp_next_iss
 .text.tcp_eff_send_mss_netif
                0x1000bc60       0x34 CMakeFiles/sistemadejogosprojeto.dir/C_/Users/User/.pico-sdk/sdk/2.0.0/lib/lwip/src/core/tcp.c.obj
                0x1000bc60                tcp_eff_send_mss_netif
 .text.tcp_netif_ip_addr_changed
                0x1000bc94       0x94 CMakeFiles/sistemadejogosprojeto.dir/C_/Users/User/.pico-sdk/sdk/2.0.0/lib/lwip/src/core/tcp.c.obj
                0x1000bc94                tcp_netif_ip_addr_changed
 .text.tcp_free_ooseq
                0x1000bd28       0x40 CMakeFiles/sistemadejogosprojeto.dir/C_/Users/User/.pico-sdk/sdk/2.0.0/lib/lwip/src/core/tcp.c.obj
                0x1000bd28                tcp_free_ooseq
 .text.tcp_parseopt
                0x1000bd68      0x1bc CMakeFiles/sistemadejogosprojeto.dir/C_/Users/User/.pico-sdk/sdk/2.0.0/lib/lwip/src/core/tcp_in.c.obj
 .text.tcp_oos_insert_segment
                0x1000bf24       0xdc CMakeFiles/sistemadejogosprojeto.dir/C_/Users/User/.pico-sdk/sdk/2.0.0/lib/lwip/src/core/tcp_in.c.obj
 .text.tcp_free_acked_segments.isra.0
                0x1000c000       0xdc CMakeFiles/sistemadejogosprojeto.dir/C_/Users/User/.pico-sdk/sdk/2.0.0/lib/lwip/src/core/tcp_in.c.obj
 .text.tcp_receive
                0x1000c0dc      0xa00 CMakeFiles/sistemadejogosprojeto.dir/C_/Users/User/.pico-sdk/sdk/2.0.0/lib/lwip/src/core/tcp_in.c.obj
 .text.tcp_input
                0x1000cadc      0xcc4 CMakeFiles/sistemadejogosprojeto.dir/C_/Users/User/.pico-sdk/sdk/2.0.0/lib/lwip/src/core/tcp_in.c.obj
                0x1000cadc                tcp_input
 .text.tcp_trigger_input_pcb_close
                0x1000d7a0       0x10 CMakeFiles/sistemadejogosprojeto.dir/C_/Users/User/.pico-sdk/sdk/2.0.0/lib/lwip/src/core/tcp_in.c.obj
                0x1000d7a0                tcp_trigger_input_pcb_close
 .text.tcp_create_segment
                0x1000d7b0       0xe8 CMakeFiles/sistemadejogosprojeto.dir/C_/Users/User/.pico-sdk/sdk/2.0.0/lib/lwip/src/core/tcp_out.c.obj
 .text.tcp_output_control_segment
                0x1000d898       0xb4 CMakeFiles/sistemadejogosprojeto.dir/C_/Users/User/.pico-sdk/sdk/2.0.0/lib/lwip/src/core/tcp_out.c.obj
 .text.tcp_output_alloc_header.constprop.0
                0x1000d94c       0xc8 CMakeFiles/sistemadejogosprojeto.dir/C_/Users/User/.pico-sdk/sdk/2.0.0/lib/lwip/src/core/tcp_out.c.obj
 .text.tcp_write
                0x1000da14      0x7ac CMakeFiles/sistemadejogosprojeto.dir/C_/Users/User/.pico-sdk/sdk/2.0.0/lib/lwip/src/core/tcp_out.c.obj
                0x1000da14                tcp_write
 .text.tcp_split_unsent_seg
                0x1000e1c0      0x19c CMakeFiles/sistemadejogosprojeto.dir/C_/Users/User/.pico-sdk/sdk/2.0.0/lib/lwip/src/core/tcp_out.c.obj
                0x1000e1c0                tcp_split_unsent_seg
 .text.tcp_send_fin
                0x1000e35c      0x104 CMakeFiles/sistemadejogosprojeto.dir/C_/Users/User/.pico-sdk/sdk/2.0.0/lib/lwip/src/core/tcp_out.c.obj
                0x1000e35c                tcp_send_fin
 .text.tcp_enqueue_flags
                0x1000e460       0xf4 CMakeFiles/sistemadejogosprojeto.dir/C_/Users/User/.pico-sdk/sdk/2.0.0/lib/lwip/src/core/tcp_out.c.obj
                0x1000e460                tcp_enqueue_flags
 .text.tcp_rexmit_rto_prepare
                0x1000e554       0x9c CMakeFiles/sistemadejogosprojeto.dir/C_/Users/User/.pico-sdk/sdk/2.0.0/lib/lwip/src/core/tcp_out.c.obj
                0x1000e554                tcp_rexmit_rto_prepare
 .text.tcp_rexmit
                0x1000e5f0       0x9c CMakeFiles/sistemadejogosprojeto.dir/C_/Users/User/.pico-sdk/sdk/2.0.0/lib/lwip/src/core/tcp_out.c.obj
                0x1000e5f0                tcp_rexmit
 .text.tcp_rexmit_fast
                0x1000e68c       0x64 CMakeFiles/sistemadejogosprojeto.dir/C_/Users/User/.pico-sdk/sdk/2.0.0/lib/lwip/src/core/tcp_out.c.obj
                0x1000e68c                tcp_rexmit_fast
 .text.tcp_rst  0x1000e6f0       0xe8 CMakeFiles/sistemadejogosprojeto.dir/C_/Users/User/.pico-sdk/sdk/2.0.0/lib/lwip/src/core/tcp_out.c.obj
                0x1000e6f0                tcp_rst
 .text.tcp_rst_netif
                0x1000e7d8      0x120 CMakeFiles/sistemadejogosprojeto.dir/C_/Users/User/.pico-sdk/sdk/2.0.0/lib/lwip/src/core/tcp_out.c.obj
                0x1000e7d8                tcp_rst_netif
 .text.tcp_send_empty_ack
                0x1000e8f8       0x4c CMakeFiles/sistemadejogosprojeto.dir/C_/Users/User/.pico-sdk/sdk/2.0.0/lib/lwip/src/core/tcp_out.c.obj
                0x1000e8f8                tcp_send_empty_ack
 .text.tcp_output
                0x1000e944      0x444 CMakeFiles/sistemadejogosprojeto.dir/C_/Users/User/.pico-sdk/sdk/2.0.0/lib/lwip/src/core/tcp_out.c.obj
                0x1000e944                tcp_output
 .text.tcp_rexmit_rto_commit
                0x1000ed88       0x24 CMakeFiles/sistemadejogosprojeto.dir/C_/Users/User/.pico-sdk/sdk/2.0.0/lib/lwip/src/core/tcp_out.c.obj
                0x1000ed88                tcp_rexmit_rto_commit
 .text.tcp_rexmit_rto
                0x1000edac       0xa4 CMakeFiles/sistemadejogosprojeto.dir/C_/Users/User/.pico-sdk/sdk/2.0.0/lib/lwip/src/core/tcp_out.c.obj
                0x1000edac                tcp_rexmit_rto
 .text.tcp_keepalive
                0x1000ee50       0xdc CMakeFiles/sistemadejogosprojeto.dir/C_/Users/User/.pico-sdk/sdk/2.0.0/lib/lwip/src/core/tcp_out.c.obj
                0x1000ee50                tcp_keepalive
 .text.tcp_zero_window_probe
                0x1000ef2c      0x110 CMakeFiles/sistemadejogosprojeto.dir/C_/Users/User/.pico-sdk/sdk/2.0.0/lib/lwip/src/core/tcp_out.c.obj
                0x1000ef2c                tcp_zero_window_probe
 .text.tcpip_tcp_timer
                0x1000f03c       0x78 CMakeFiles/sistemadejogosprojeto.dir/C_/Users/User/.pico-sdk/sdk/2.0.0/lib/lwip/src/core/timeouts.c.obj
 .text.lwip_cyclic_timer
                0x1000f0b4       0x98 CMakeFiles/sistemadejogosprojeto.dir/C_/Users/User/.pico-sdk/sdk/2.0.0/lib/lwip/src/core/timeouts.c.obj
 .text.tcp_timer_needed
                0x1000f14c       0x7c CMakeFiles/sistemadejogosprojeto.dir/C_/Users/User/.pico-sdk/sdk/2.0.0/lib/lwip/src/core/timeouts.c.obj
                0x1000f14c                tcp_timer_needed
 .text.sys_timeouts_init
                0x1000f1c8       0x8c CMakeFiles/sistemadejogosprojeto.dir/C_/Users/User/.pico-sdk/sdk/2.0.0/lib/lwip/src/core/timeouts.c.obj
                0x1000f1c8                sys_timeouts_init
 .text.sys_check_timeouts
                0x1000f254       0x68 CMakeFiles/sistemadejogosprojeto.dir/C_/Users/User/.pico-sdk/sdk/2.0.0/lib/lwip/src/core/timeouts.c.obj
                0x1000f254                sys_check_timeouts
 .text.sys_timeouts_sleeptime
                0x1000f2bc       0x28 CMakeFiles/sistemadejogosprojeto.dir/C_/Users/User/.pico-sdk/sdk/2.0.0/lib/lwip/src/core/timeouts.c.obj
                0x1000f2bc                sys_timeouts_sleeptime
 .text.udp_init
                0x1000f2e4       0x20 CMakeFiles/sistemadejogosprojeto.dir/C_/Users/User/.pico-sdk/sdk/2.0.0/lib/lwip/src/core/udp.c.obj
                0x1000f2e4                udp_init
 .text.udp_input
                0x1000f304      0x2c4 CMakeFiles/sistemadejogosprojeto.dir/C_/Users/User/.pico-sdk/sdk/2.0.0/lib/lwip/src/core/udp.c.obj
                0x1000f304                udp_input
 .text.udp_bind
                0x1000f5c8      0x118 CMakeFiles/sistemadejogosprojeto.dir/C_/Users/User/.pico-sdk/sdk/2.0.0/lib/lwip/src/core/udp.c.obj
                0x1000f5c8                udp_bind
 .text.udp_sendto_if_src
                0x1000f6e0      0x120 CMakeFiles/sistemadejogosprojeto.dir/C_/Users/User/.pico-sdk/sdk/2.0.0/lib/lwip/src/core/udp.c.obj
                0x1000f6e0                udp_sendto_if_src
 .text.udp_sendto_if
                0x1000f800       0x48 CMakeFiles/sistemadejogosprojeto.dir/C_/Users/User/.pico-sdk/sdk/2.0.0/lib/lwip/src/core/udp.c.obj
                0x1000f800                udp_sendto_if
 .text.udp_connect
                0x1000f848       0x60 CMakeFiles/sistemadejogosprojeto.dir/C_/Users/User/.pico-sdk/sdk/2.0.0/lib/lwip/src/core/udp.c.obj
                0x1000f848                udp_connect
 .text.udp_recv
                0x1000f8a8        0xc CMakeFiles/sistemadejogosprojeto.dir/C_/Users/User/.pico-sdk/sdk/2.0.0/lib/lwip/src/core/udp.c.obj
                0x1000f8a8                udp_recv
 .text.udp_remove
                0x1000f8b4       0x3c CMakeFiles/sistemadejogosprojeto.dir/C_/Users/User/.pico-sdk/sdk/2.0.0/lib/lwip/src/core/udp.c.obj
                0x1000f8b4                udp_remove
 .text.udp_new  0x1000f8f0       0x1c CMakeFiles/sistemadejogosprojeto.dir/C_/Users/User/.pico-sdk/sdk/2.0.0/lib/lwip/src/core/udp.c.obj
                0x1000f8f0                udp_new
 .text.udp_netif_ip_addr_changed
                0x1000f90c       0x40 CMakeFiles/sistemadejogosprojeto.dir/C_/Users/User/.pico-sdk/sdk/2.0.0/lib/lwip/src/core/udp.c.obj
                0x1000f90c                udp_netif_ip_addr_changed
 .text.dhcp_create_msg
                0x1000f94c      0x164 CMakeFiles/sistemadejogosprojeto.dir/C_/Users/User/.pico-sdk/sdk/2.0.0/lib/lwip/src/core/ipv4/dhcp.c.obj
 .text.dhcp_bind
                0x1000fab0      0x138 CMakeFiles/sistemadejogosprojeto.dir/C_/Users/User/.pico-sdk/sdk/2.0.0/lib/lwip/src/core/ipv4/dhcp.c.obj
 .text.dhcp_inc_pcb_refcount
                0x1000fbe8       0x6c CMakeFiles/sistemadejogosprojeto.dir/C_/Users/User/.pico-sdk/sdk/2.0.0/lib/lwip/src/core/ipv4/dhcp.c.obj
 .text.dhcp_handle_ack.isra.0
                0x1000fc54       0xa0 CMakeFiles/sistemadejogosprojeto.dir/C_/Users/User/.pico-sdk/sdk/2.0.0/lib/lwip/src/core/ipv4/dhcp.c.obj
 .text.dhcp_discover
                0x1000fcf4      0x130 CMakeFiles/sistemadejogosprojeto.dir/C_/Users/User/.pico-sdk/sdk/2.0.0/lib/lwip/src/core/ipv4/dhcp.c.obj
 .text.dhcp_reboot.isra.0
                0x1000fe24      0x15c CMakeFiles/sistemadejogosprojeto.dir/C_/Users/User/.pico-sdk/sdk/2.0.0/lib/lwip/src/core/ipv4/dhcp.c.obj
 .text.dhcp_select.isra.0
                0x1000ff80      0x1d0 CMakeFiles/sistemadejogosprojeto.dir/C_/Users/User/.pico-sdk/sdk/2.0.0/lib/lwip/src/core/ipv4/dhcp.c.obj
 .text.dhcp_recv
                0x10010150      0x578 CMakeFiles/sistemadejogosprojeto.dir/C_/Users/User/.pico-sdk/sdk/2.0.0/lib/lwip/src/core/ipv4/dhcp.c.obj
 .text.dhcp_conflict_callback
                0x100106c8      0x128 CMakeFiles/sistemadejogosprojeto.dir/C_/Users/User/.pico-sdk/sdk/2.0.0/lib/lwip/src/core/ipv4/dhcp.c.obj
 .text.dhcp_set_struct
                0x100107f0       0x44 CMakeFiles/sistemadejogosprojeto.dir/C_/Users/User/.pico-sdk/sdk/2.0.0/lib/lwip/src/core/ipv4/dhcp.c.obj
                0x100107f0                dhcp_set_struct
 .text.dhcp_network_changed_link_up
                0x10010834       0x40 CMakeFiles/sistemadejogosprojeto.dir/C_/Users/User/.pico-sdk/sdk/2.0.0/lib/lwip/src/core/ipv4/dhcp.c.obj
                0x10010834                dhcp_network_changed_link_up
 .text.dhcp_renew
                0x10010874      0x12c CMakeFiles/sistemadejogosprojeto.dir/C_/Users/User/.pico-sdk/sdk/2.0.0/lib/lwip/src/core/ipv4/dhcp.c.obj
                0x10010874                dhcp_renew
 .text.dhcp_release_and_stop
                0x100109a0      0x16c CMakeFiles/sistemadejogosprojeto.dir/C_/Users/User/.pico-sdk/sdk/2.0.0/lib/lwip/src/core/ipv4/dhcp.c.obj
                0x100109a0                dhcp_release_and_stop
 .text.dhcp_start
                0x10010b0c       0xc0 CMakeFiles/sistemadejogosprojeto.dir/C_/Users/User/.pico-sdk/sdk/2.0.0/lib/lwip/src/core/ipv4/dhcp.c.obj
                0x10010b0c                dhcp_start
 .text.dhcp_coarse_tmr